Component: Arm Compiler for Embedded 6.23 Tool: armlink [5f102400]

==============================================================================

Section Cross References

    main.o(.text) refers to rt_cmsis.o(i.osDelay) for osDelay
    main.o(.text) refers to rt_cmsis.o(i.osKernelInitialize) for osKernelInitialize
    main.o(.text) refers to main.o(.rodata.os_thread_def_led_par_impar) for os_thread_def_led_par_impar
    main.o(.text) refers to rt_cmsis.o(i.osThreadCreate) for osThreadCreate
    main.o(.text) refers to main.o(.bss.T_led_par_impar_ID) for T_led_par_impar_ID
    main.o(.text) refers to main.o(.rodata.os_thread_def_led_gray) for os_thread_def_led_gray
    main.o(.text) refers to main.o(.bss.T_led_gray_ID) for T_led_gray_ID
    main.o(.text) refers to main.o(.rodata.os_thread_def_led_pot) for os_thread_def_led_pot
    main.o(.text) refers to main.o(.bss.T_led_pot_ID) for T_led_pot_ID
    main.o(.text) refers to main.o(.rodata.os_thread_def_buzzer) for os_thread_def_buzzer
    main.o(.text) refers to main.o(.bss.T_buzzer_ID) for T_buzzer_ID
    main.o(.text) refers to main.o(.rodata.os_thread_def_lcd_atualiza) for os_thread_def_lcd_atualiza
    main.o(.text) refers to main.o(.bss.T_LCD_ID) for T_LCD_ID
    main.o(.text) refers to main.o(.rodata.os_thread_def_leitura_funcao) for os_thread_def_leitura_funcao
    main.o(.text) refers to main.o(.bss.T_leitura_func_ID) for T_leitura_func_ID
    main.o(.text) refers to main.o(.rodata.os_thread_def_leitura_controle) for os_thread_def_leitura_controle
    main.o(.text) refers to main.o(.bss.T_leitura_cont_ID) for T_leitura_cont_ID
    main.o(.text) refers to main.o(.rodata.os_thread_def_smooth_Time) for os_thread_def_smooth_Time
    main.o(.text) refers to main.o(.bss.T_smooth_Time_ID) for T_smooth_Time_ID
    main.o(.text) refers to rt_cmsis.o(i.osKernelStart) for osKernelStart
    main.o(.text) refers to main.o(.rodata.str1.1) for .L.str.3
    main.o(.text) refers to main.o(.data.FUNC) for FUNC
    main.o(.text) refers to main.o(.data.BUTTON) for BUTTON
    main.o(.text) refers to main.o(.data.SW) for SW
    main.o(.text) refers to main.o(.data.TIME_REAL) for TIME_REAL
    main.o(.text) refers to main.o(.data.TIME_PSEUDO) for TIME_PSEUDO
    main.o(.text) refers to main.o(.data.FACTOR) for FACTOR
    main.o(.text) refers to fcmp.o(x$fpl$fcmp) for __aeabi_fcmpeq
    main.o(.text) refers to faddsub_clz.o(x$fpl$fsub) for __aeabi_fsub
    main.o(.text) refers to fmul.o(x$fpl$fmul) for __aeabi_fmul
    main.o(.text) refers to faddsub_clz.o(x$fpl$fadd) for __aeabi_fadd
    main.o(.text) refers to main.o(.bss.FLAG) for FLAG
    main.o(.text) refers to rtx_conf_cm.o(.text) for __osSignalWait
    main.o(.text) refers to ffixu.o(x$fpl$ffixu) for __aeabi_f2uiz
    main.o(.text) refers to main.o(.bss.NUM_LEDS_ATIVOS) for NUM_LEDS_ATIVOS
    main.o(.text) refers to rt_cmsis.o(i.osSignalSet) for osSignalSet
    main.o(.text) refers to fflt_clz.o(x$fpl$ffltu) for __aeabi_ui2f
    main.o(.ARM.exidx) refers to main.o(.text) for [Anonymous Symbol]
    main.o(.data.FUNC) refers to main.o(.rodata.str1.1) for [Anonymous Symbol]
    main.o(.data.BUTTON) refers to main.o(.rodata.str1.1) for [Anonymous Symbol]
    main.o(.data.SW) refers to main.o(.rodata.str1.1) for [Anonymous Symbol]
    main.o(.rodata.os_thread_def_led_par_impar) refers to main.o(.text) for led_par_impar
    main.o(.rodata.os_thread_def_led_gray) refers to main.o(.text) for led_gray
    main.o(.rodata.os_thread_def_led_pot) refers to main.o(.text) for led_pot
    main.o(.rodata.os_thread_def_buzzer) refers to main.o(.text) for buzzer
    main.o(.rodata.os_thread_def_lcd_atualiza) refers to main.o(.text) for lcd_atualiza
    main.o(.rodata.os_thread_def_leitura_funcao) refers to main.o(.text) for leitura_funcao
    main.o(.rodata.os_thread_def_leitura_controle) refers to main.o(.text) for leitura_controle
    main.o(.rodata.os_thread_def_smooth_Time) refers to main.o(.text) for smooth_Time
    led_mcbstm32e.o(.text) refers to led_mcbstm32e.o(.rodata.Pin_LED) for Pin_LED
    led_mcbstm32e.o(.text) refers to gpio_stm32f10x.o(.text) for GPIO_PortClock
    led_mcbstm32e.o(.ARM.exidx) refers to led_mcbstm32e.o(.text) for [Anonymous Symbol]
    rtx_conf_cm.o(.text) refers (Special) to main.o(.ARM.use_no_argv) for __ARM_use_no_argv
    rtx_conf_cm.o(.text) refers to rt_cmsis.o(.data) for os_running
    rtx_conf_cm.o(.text) refers to rt_task.o(i.rt_tsk_self) for rt_tsk_self
    rtx_conf_cm.o(.text) refers to rtx_conf_cm.o(.bss.std_libspace) for std_libspace
    rtx_conf_cm.o(.text) refers to libspace.o(.bss) for __libspace_start
    rtx_conf_cm.o(.text) refers to rtx_conf_cm.o(.bss.nr_mutex) for nr_mutex
    rtx_conf_cm.o(.text) refers to rtx_conf_cm.o(.bss.std_libmutex) for std_libmutex
    rtx_conf_cm.o(.text) refers to rt_mutex.o(i.rt_mut_init) for rt_mut_init
    rtx_conf_cm.o(.text) refers to rt_cmsis.o(i.osSignalWait) for osSignalWait
[...]
    ..\rt_List.c                             0x00000000   Number         0  rt_list.o ABSOLUTE
    ..\rt_Mailbox.c                          0x00000000   Number         0  rt_mailbox.o ABSOLUTE
    ..\rt_MemBox.c                           0x00000000   Number         0  rt_membox.o ABSOLUTE
    ..\rt_Memory.c                           0x00000000   Number         0  rt_memory.o ABSOLUTE
    ..\rt_Mutex.c                            0x00000000   Number         0  rt_mutex.o ABSOLUTE
    ..\rt_Robin.c                            0x00000000   Number         0  rt_robin.o ABSOLUTE
    ..\rt_Semaphore.c                        0x00000000   Number         0  rt_semaphore.o ABSOLUTE
    ..\rt_System.c                           0x00000000   Number         0  rt_system.o ABSOLUTE
    ..\rt_Task.c                             0x00000000   Number         0  rt_task.o ABSOLUTE
    ..\rt_Time.c                             0x00000000   Number         0  rt_time.o ABSOLUTE
    GPIO_STM32F10x.c                         0x00000000   Number         0  gpio_stm32f10x.o ABSOLUTE
    HAL_CM3.c                                0x00000000   Number         0  hal_cm3.o ABSOLUTE
    HAL_CM3.c                                0x00000000   Number         0  hal_cm3.o ABSOLUTE
    LED_MCBSTM32E.c                          0x00000000   Number         0  led_mcbstm32e.o ABSOLUTE
    RTE/Device/STM32F103RB/startup_stm32f10x_md.s 0x00000000   Number         0  startup_stm32f10x_md.o ABSOLUTE
    RTX_Conf_CM.c                            0x00000000   Number         0  rtx_conf_cm.o ABSOLUTE
    SVC_Table.s                              0x00000000   Number         0  svc_table.o ABSOLUTE
    dc.s                                     0x00000000   Number         0  dc.o ABSOLUTE
    main.c                                   0x00000000   Number         0  main.o ABSOLUTE
    system_stm32f10x.c                       0x00000000   Number         0  system_stm32f10x.o ABSOLUTE
    RESET                                    0x08000000   Section      236  startup_stm32f10x_md.o(RESET)
    !!!main                                  0x080000ec   Section        8  __main.o(!!!main)
    !!!scatter                               0x080000f4   Section       92  __scatter.o(!!!scatter)
    !!handler_copy                           0x08000150   Section       26  __scatter_copy.o(!!handler_copy)
    !!handler_null                           0x0800016c   Section        2  __scatter.o(!!handler_null)
    !!handler_zi                             0x08000170   Section       28  __scatter_zi.o(!!handler_zi)
    .ARM.Collect$$libinit$$00000000          0x0800018c   Section        2  libinit.o(.ARM.Collect$$libinit$$00000000)
    .ARM.Collect$$libinit$$00000002          0x0800018e   Section        0  libinit2.o(.ARM.Collect$$libinit$$00000002)
    .ARM.Collect$$libinit$$00000004          0x0800018e   Section        0  libinit2.o(.ARM.Collect$$libinit$$00000004)
    .ARM.Collect$$libinit$$00000006          0x0800018e   Section        0  libinit2.o(.ARM.Collect$$libinit$$00000006)
    .ARM.Collect$$libinit$$0000000C          0x0800018e   Section        0  libinit2.o(.ARM.Collect$$libinit$$0000000C)
    .ARM.Collect$$libinit$$0000000E          0x0800018e   Section        0  libinit2.o(.ARM.Collect$$libinit$$0000000E)
    .ARM.Collect$$libinit$$00000010          0x0800018e   Section        0  libinit2.o(.ARM.Collect$$libinit$$00000010)
    .ARM.Collect$$libinit$$00000013          0x0800018e   Section        0  libinit2.o(.ARM.Collect$$libinit$$00000013)
    .ARM.Collect$$libinit$$00000015          0x0800018e   Section        0  libinit2.o(.ARM.Collect$$libinit$$00000015)
    .ARM.Collect$$libinit$$00000017          0x0800018e   Section        0  libinit2.o(.ARM.Collect$$libinit$$00000017)
    .ARM.Collect$$libinit$$00000019          0x0800018e   Section        0  libinit2.o(.ARM.Collect$$libinit$$00000019)
    .ARM.Collect$$libinit$$0000001B          0x0800018e   Section        0  libinit2.o(.ARM.Collect$$libinit$$0000001B)
    .ARM.Collect$$libinit$$0000001D          0x0800018e   Section        0  libinit2.o(.ARM.Collect$$libinit$$0000001D)
    .ARM.Collect$$libinit$$0000001F          0x0800018e   Section        0  libinit2.o(.ARM.Collect$$libinit$$0000001F)
    .ARM.Collect$$libinit$$00000021          0x0800018e   Section        0  libinit2.o(.ARM.Collect$$libinit$$00000021)
    .ARM.Collect$$libinit$$00000023          0x0800018e   Section        0  libinit2.o(.ARM.Collect$$libinit$$00000023)
    .ARM.Collect$$libinit$$00000025          0x0800018e   Section        0  libinit2.o(.ARM.Collect$$libinit$$00000025)
    .ARM.Collect$$libinit$$00000027          0x0800018e   Section        0  libinit2.o(.ARM.Collect$$libinit$$00000027)
    .ARM.Collect$$libinit$$0000002E          0x0800018e   Section        0  libinit2.o(.ARM.Collect$$libinit$$0000002E)
    .ARM.Collect$$libinit$$00000030          0x0800018e   Section        0  libinit2.o(.ARM.Collect$$libinit$$00000030)
    .ARM.Collect$$libinit$$00000032          0x0800018e   Section        0  libinit2.o(.ARM.Collect$$libinit$$00000032)
    .ARM.Collect$$libinit$$00000034          0x0800018e   Section        0  libinit2.o(.ARM.Collect$$libinit$$00000034)
    .ARM.Collect$$libinit$$00000035          0x0800018e   Section        2  libinit2.o(.ARM.Collect$$libinit$$00000035)
    .ARM.Collect$$libshutdown$$00000000      0x08000190   Section        2  libshutdown.o(.ARM.Collect$$libshutdown$$00000000)
    .ARM.Collect$$libshutdown$$00000002      0x08000192   Section        0  libshutdown2.o(.ARM.Collect$$libshutdown$$00000002)
    .ARM.Collect$$libshutdown$$00000004      0x08000192   Section        0  libshutdown2.o(.ARM.Collect$$libshutdown$$00000004)
    .ARM.Collect$$libshutdown$$00000007      0x08000192   Section        0  libshutdown2.o(.ARM.Collect$$libshutdown$$00000007)
    .ARM.Collect$$libshutdown$$0000000A      0x08000192   Section        0  libshutdown2.o(.ARM.Collect$$libshutdown$$0000000A)
    .ARM.Collect$$libshutdown$$0000000C      0x08000192   Section        0  libshutdown2.o(.ARM.Collect$$libshutdown$$0000000C)
    .ARM.Collect$$libshutdown$$0000000F      0x08000192   Section        0  libshutdown2.o(.ARM.Collect$$libshutdown$$0000000F)
    .ARM.Collect$$libshutdown$$00000010      0x08000192   Section        2  libshutdown2.o(.ARM.Collect$$libshutdown$$00000010)
    .ARM.Collect$$rtentry$$00000000          0x08000194   Section        0  __rtentry.o(.ARM.Collect$$rtentry$$00000000)
    .ARM.Collect$$rtentry$$00000002          0x08000194   Section        0  __rtentry2.o(.ARM.Collect$$rtentry$$00000002)
    .ARM.Collect$$rtentry$$00000004          0x08000194   Section        6  __rtentry4.o(.ARM.Collect$$rtentry$$00000004)
    .ARM.Collect$$rtentry$$00000009          0x0800019a   Section        0  __rtentry2.o(.ARM.Collect$$rtentry$$00000009)
    .ARM.Collect$$rtentry$$0000000A          0x0800019a   Section        4  __rtentry2.o(.ARM.Collect$$rtentry$$0000000A)
    .ARM.Collect$$rtentry$$0000000B          0x0800019e   Section        8  __rtentry2.o(.ARM.Collect$$rtentry$$0000000B)
    .ARM.Collect$$rtentry$$0000000D          0x080001a6   Section        8  __rtentry2.o(.ARM.Collect$$rtentry$$0000000D)
    .ARM.Collect$$rtexit$$00000000           0x080001ae   Section        2  rtexit.o(.ARM.Collect$$rtexit$$00000000)
    .ARM.Collect$$rtexit$$00000002           0x080001b0   Section        0  rtexit2.o(.ARM.Collect$$rtexit$$00000002)
    .ARM.Collect$$rtexit$$00000003           0x080001b0   Section        4  rtexit2.o(.ARM.Collect$$rtexit$$00000003)
    .ARM.Collect$$rtexit$$00000004           0x080001b4   Section        6  rtexit2.o(.ARM.Collect$$rtexit$$00000004)
    .emb_text                                0x080001bc   Section      304  hal_cm3.o(.emb_text)
    [Anonymous Symbol]                       0x080002ec   Section        0  main.o(.text)
    [Anonymous Symbol]                       0x08001c74   Section        0  rtx_conf_cm.o(.text)
    .text                                    0x08001d44   Section       64  startup_stm32f10x_md.o(.text)
    [Anonymous Symbol]                       0x08001d84   Section        0  system_stm32f10x.o(.text)
    .text                                    0x08001ef0   Section        8  libspace.o(.text)
    .text                                    0x08001ef8   Section        0  heapauxi.o(.text)
    .text                                    0x08001efe   Section       74  sys_stackheap_outer.o(.text)
    .text                                    0x08001f48   Section        0  exit.o(.text)
    .text                                    0x08001f5c   Section        0  sys_exit.o(.text)
    .text                                    0x08001f68   Section        2  use_no_semi.o(.text)
    .text                                    0x08001f6a   Section        0  indicate_semi.o(.text)
    __tagsym$$used.0                         0x08001f6c   Number         0  rtx_conf_cm.o(.text._mutex_acquire)
    [Anonymous Symbol]                       0x08001f6c   Section        0  rtx_conf_cm.o(.text._mutex_acquire)
    __tagsym$$used.1                         0x08001f90   Number         0  rtx_conf_cm.o(.text._mutex_release)
    [Anonymous Symbol]                       0x08001f90   Section        0  rtx_conf_cm.o(.text._mutex_release)
    SVC_TABLE                                0x08001fb0   Section        4  svc_table.o(SVC_TABLE)
    i._init_box                              0x08001fb4   Section        0  rt_membox.o(i._init_box)
    i.dbg_init                               0x08001ffc   Section        0  hal_cm.o(i.dbg_init)
    i.dbg_task_notify                        0x0800202c   Section        0  hal_cm.o(i.dbg_task_notify)
    i.dbg_task_switch                        0x0800204c   Section        0  hal_cm.o(i.dbg_task_switch)
    i.isrMessageGet                          0x0800205c   Section        0  rt_cmsis.o(i.isrMessageGet)
    i.isrMessagePut                          0x08002086   Section        0  rt_cmsis.o(i.isrMessagePut)
    i.isrSignalSet                           0x080020b2   Section        0  rt_cmsis.o(i.isrSignalSet)
    i.isr_evt_set                            0x080020d8   Section        0  rt_event.o(i.isr_evt_set)
    i.isr_mbx_receive                        0x08002100   Section        0  rt_mailbox.o(i.isr_mbx_receive)
    i.isr_mbx_send                           0x08002156   Section        0  rt_mailbox.o(i.isr_mbx_send)
    i.osDelay                                0x08002164   Section        0  rt_cmsis.o(i.osDelay)
    i.osKernelInitialize                     0x0800217c   Section        0  rt_cmsis.o(i.osKernelInitialize)
    i.osKernelStart                          0x080021a0   Section        0  rt_cmsis.o(i.osKernelStart)
    i.osMailGet                              0x0800220c   Section        0  rt_cmsis.o(i.osMailGet)
    i.osMessageGet                           0x08002224   Section        0  rt_cmsis.o(i.osMessageGet)
    i.osSignalSet                            0x0800223c   Section        0  rt_cmsis.o(i.osSignalSet)
    i.osSignalWait                           0x08002254   Section        0  rt_cmsis.o(i.osSignalWait)
    i.osThreadCreate                         0x0800226c   Section        0  rt_cmsis.o(i.osThreadCreate)
    i.osThreadExit                           0x08002298   Section        0  rt_cmsis.o(i.osThreadExit)
    i.osTimerCall                            0x080022b0   Section        0  rt_cmsis.o(i.osTimerCall)
    i.osTimerThread                          0x080022bc   Section        0  rt_cmsis.o(i.osTimerThread)
    i.os_tick_init                           0x080022e8   Section        0  rt_system.o(i.os_tick_init)
    i.os_tick_irqack                         0x08002310   Section        0  rt_system.o(i.os_tick_irqack)
    i.rt_alloc_box                           0x08002312   Section        0  rt_membox.o(i.rt_alloc_box)
    i.rt_alloc_mem                           0x0800232c   Section        0  rt_memory.o(i.rt_alloc_mem)
    i.rt_block                               0x0800236c   Section        0  rt_task.o(i.rt_block)
    i.rt_chk_robin                           0x080023a4   Section        0  rt_robin.o(i.rt_chk_robin)
    i.rt_dec_dly                             0x080023ec   Section        0  rt_list.o(i.rt_dec_dly)
    i.rt_dispatch                            0x0800245c   Section        0  rt_task.o(i.rt_dispatch)
    i.rt_dly_wait                            0x080024a0   Section        0  rt_time.o(i.rt_dly_wait)
    i.rt_evt_psh                             0x080024a8   Section        0  rt_event.o(i.rt_evt_psh)
    i.rt_evt_set                             0x080024f8   Section        0  rt_event.o(i.rt_evt_set)
    i.rt_evt_wait                            0x08002554   Section        0  rt_event.o(i.rt_evt_wait)
    i.rt_free_box                            0x08002590   Section        0  rt_membox.o(i.rt_free_box)
    i.rt_free_mem                            0x080025bc   Section        0  rt_memory.o(i.rt_free_mem)
    i.rt_get_first                           0x080025e4   Section        0  rt_list.o(i.rt_get_first)
    rt_id2obj                                0x0800260d   Thumb Code     8  rt_cmsis.o(i.rt_id2obj)
    i.rt_id2obj                              0x0800260c   Section        0  rt_cmsis.o(i.rt_id2obj)
    rt_init_context                          0x08002615   Thumb Code    66  rt_task.o(i.rt_init_context)
    i.rt_init_context                        0x08002614   Section        0  rt_task.o(i.rt_init_context)
    i.rt_init_mem                            0x0800265c   Section        0  rt_memory.o(i.rt_init_mem)
    i.rt_init_robin                          0x08002678   Section        0  rt_robin.o(i.rt_init_robin)
    i.rt_init_stack                          0x08002690   Section        0  hal_cm.o(i.rt_init_stack)
    i.rt_mbx_check                           0x08002710   Section        0  rt_mailbox.o(i.rt_mbx_check)
    i.rt_mbx_init                            0x08002718   Section        0  rt_mailbox.o(i.rt_mbx_init)
    i.rt_mbx_psh                             0x08002734   Section        0  rt_mailbox.o(i.rt_mbx_psh)
    i.rt_mbx_wait                            0x08002824   Section        0  rt_mailbox.o(i.rt_mbx_wait)
    rt_ms2tick                               0x080028d9   Thumb Code    58  rt_cmsis.o(i.rt_ms2tick)
    i.rt_ms2tick                             0x080028d8   Section        0  rt_cmsis.o(i.rt_ms2tick)
    i.rt_mut_init                            0x0800291c   Section        0  rt_mutex.o(i.rt_mut_init)
    i.rt_mut_release                         0x0800292c   Section        0  rt_mutex.o(i.rt_mut_release)
    i.rt_mut_wait                            0x08002a04   Section        0  rt_mutex.o(i.rt_mut_wait)
    i.rt_pop_req                             0x08002a7c   Section        0  rt_system.o(i.rt_pop_req)
    i.rt_psh_req                             0x08002af8   Section        0  rt_system.o(i.rt_psh_req)
    i.rt_psq_enq                             0x08002b18   Section        0  rt_list.o(i.rt_psq_enq)
    i.rt_put_dly                             0x08002b74   Section        0  rt_list.o(i.rt_put_dly)
    i.rt_put_prio                            0x08002bbc   Section        0  rt_list.o(i.rt_put_prio)
    i.rt_put_rdy_first                       0x08002bf4   Section        0  rt_list.o(i.rt_put_rdy_first)
    i.rt_resort_prio                         0x08002c08   Section        0  rt_list.o(i.rt_resort_prio)
    i.rt_ret_val                             0x08002c3c   Section        0  hal_cm.o(i.rt_ret_val)
    i.rt_ret_val2                            0x08002c42   Section        0  hal_cm.o(i.rt_ret_val2)
    i.rt_rmv_dly                             0x08002c4a   Section        0  rt_list.o(i.rt_rmv_dly)
    i.rt_rmv_list                            0x08002c74   Section        0  rt_list.o(i.rt_rmv_list)
    i.rt_sem_psh                             0x08002ca4   Section        0  rt_semaphore.o(i.rt_sem_psh)
    i.rt_stk_check                           0x08002cd8   Section        0  rt_system.o(i.rt_stk_check)
    i.rt_switch_req                          0x08002cfc   Section        0  rt_task.o(i.rt_switch_req)
    i.rt_sys_init                            0x08002d24   Section        0  rt_task.o(i.rt_sys_init)
    i.rt_sys_start                           0x08002df0   Section        0  rt_task.o(i.rt_sys_start)
    i.rt_systick                             0x08002e68   Section        0  rt_system.o(i.rt_systick)
    rt_tid2ptcb                              0x08002ea9   Thumb Code    18  rt_cmsis.o(i.rt_tid2ptcb)
    i.rt_tid2ptcb                            0x08002ea8   Section        0  rt_cmsis.o(i.rt_tid2ptcb)
    rt_timer_insert                          0x08002ebd   Thumb Code    48  rt_cmsis.o(i.rt_timer_insert)
    i.rt_timer_insert                        0x08002ebc   Section        0  rt_cmsis.o(i.rt_timer_insert)
    i.rt_tsk_create                          0x08002ef0   Section        0  rt_task.o(i.rt_tsk_create)
    i.rt_tsk_delete                          0x08002f78   Section        0  rt_task.o(i.rt_tsk_delete)
    i.rt_tsk_prio                            0x080030f4   Section        0  rt_task.o(i.rt_tsk_prio)
    i.rt_tsk_self                            0x08003170   Section        0  rt_task.o(i.rt_tsk_self)
    i.svcDelay                               0x08003180   Section        0  rt_cmsis.o(i.svcDelay)
    i.svcKernelInitialize                    0x08003194   Section        0  rt_cmsis.o(i.svcKernelInitialize)
    i.svcKernelStart                         0x08003204   Section        0  rt_cmsis.o(i.svcKernelStart)
    i.svcMessageCreate                       0x0800324c   Section        0  rt_cmsis.o(i.svcMessageCreate)
    i.svcMessageGet                          0x08003270   Section        0  rt_cmsis.o(i.svcMessageGet)
    i.svcSignalSet                           0x080032aa   Section        0  rt_cmsis.o(i.svcSignalSet)
    i.svcSignalWait                          0x080032d0   Section        0  rt_cmsis.o(i.svcSignalWait)
    i.svcThreadCreate                        0x08003324   Section        0  rt_cmsis.o(i.svcThreadCreate)
    i.svcThreadGetId                         0x08003390   Section        0  rt_cmsis.o(i.svcThreadGetId)
    i.svcThreadTerminate                     0x080033ac   Section        0  rt_cmsis.o(i.svcThreadTerminate)
    i.svcTimerCall                           0x080033e4   Section        0  rt_cmsis.o(i.svcTimerCall)
    i.sysTimerTick                           0x080033fc   Section        0  rt_cmsis.o(i.sysTimerTick)
    x$fpl$fadd                               0x08003458   Section      196  faddsub_clz.o(x$fpl$fadd)
    _fadd1                                   0x08003467   Thumb Code     0  faddsub_clz.o(x$fpl$fadd)
    x$fpl$fcmp                               0x0800351c   Section       84  fcmp.o(x$fpl$fcmp)
    x$fpl$fcmpinf                            0x08003570   Section       24  fcmpi.o(x$fpl$fcmpinf)
    x$fpl$feqf                               0x08003588   Section      104  feqf.o(x$fpl$feqf)
    x$fpl$ffixu                              0x080035f0   Section       62  ffixu.o(x$fpl$ffixu)
    x$fpl$ffltu                              0x08003630   Section       38  fflt_clz.o(x$fpl$ffltu)
    x$fpl$fgeqf                              0x08003658   Section      104  fgeqf.o(x$fpl$fgeqf)
    x$fpl$fleqf                              0x080036c0   Section      104  fleqf.o(x$fpl$fleqf)
    x$fpl$fmul                               0x08003728   Section      258  fmul.o(x$fpl$fmul)
    x$fpl$fnaninf                            0x0800382a   Section      140  fnaninf.o(x$fpl$fnaninf)
    x$fpl$fretinf                            0x080038b6   Section       10  fretinf.o(x$fpl$fretinf)
    x$fpl$fsub                               0x080038c0   Section      234  faddsub_clz.o(x$fpl$fsub)
    _fsub1                                   0x080038cf   Thumb Code     0  faddsub_clz.o(x$fpl$fsub)
    x$fpl$usenofp                            0x080039aa   Section        0  usenofp.o(x$fpl$usenofp)
    __tagsym$$used.2                         0x080039bc   Number         0  rtx_conf_cm.o(.rodata.CMSIS_RTOS_API_Version)
    __tagsym$$used.3                         0x080039c0   Number         0  rtx_conf_cm.o(.rodata.CMSIS_RTOS_RTX_Version)
    __tagsym$$used.4                         0x080039cc   Number         0  rtx_conf_cm.o(.rodata.os_clockrate)
    __tagsym$$used.5                         0x08003a88   Number         0  rtx_conf_cm.o(.rodata.os_timernum)
    .L.str.1                                 0x08003a90   Data           4  main.o(.rodata.str1.1)
    [Anonymous Symbol]                       0x08003a90   Section        0  main.o(.rodata.str1.1)
    .L.str                                   0x08003a94   Data           3  main.o(.rodata.str1.1)
    .L.str.2                                 0x08003a95   Data           2  main.o(.rodata.str1.1)
    .L.str.3                                 0x08003a97   Data           7  main.o(.rodata.str1.1)
    .L.str.4                                 0x08003a9e   Data           6  main.o(.rodata.str1.1)
    .L.str.5                                 0x08003aa4   Data           5  main.o(.rodata.str1.1)
    .data                                    0x20000004   Section        8  rt_cmsis.o(.data)
    .data                                    0x2000000c   Section        8  rt_task.o(.data)
    os_lock                                  0x20000014   Data           1  rt_system.o(.data)
    .data                                    0x20000014   Section        8  rt_system.o(.data)
    os_psh_flag                              0x20000015   Data           1  rt_system.o(.data)
    pend_flags                               0x20000016   Data           1  rt_system.o(.data)
    .data                                    0x2000001c   Section        4  rt_time.o(.data)
    .data                                    0x20000020   Section        8  rt_robin.o(.data)
    .data                                    0x20000028   Section        1  hal_cm.o(.data)
    .bss                                     0x20000048   Section       52  rt_task.o(.bss)
    .bss                                     0x2000007c   Section       48  rt_list.o(.bss)
    .bss                                     0x200000ac   Section       96  libspace.o(.bss)
    nr_mutex                                 0x20001538   Data           4  rtx_conf_cm.o(.bss.nr_mutex)
    [Anonymous Symbol]                       0x20001538   Section        0  rtx_conf_cm.o(.bss.nr_mutex)
    std_libmutex                             0x200017f0   Data         128  rtx_conf_cm.o(.bss.std_libmutex)
    [Anonymous Symbol]                       0x200017f0   Section        0  rtx_conf_cm.o(.bss.std_libmutex)
    std_libspace                             0x20001870   Data        2016  rtx_conf_cm.o(.bss.std_libspace)
    [Anonymous Symbol]                       0x20001870   Section        0  rtx_conf_cm.o(.bss.std_libspace)
    Heap_Mem                                 0x20002050   Data         512  startup_stm32f10x_md.o(HEAP)
    HEAP                                     0x20002050   Section      512  startup_stm32f10x_md.o(HEAP)
    Stack_Mem                                0x20002250   Data        1024  startup_stm32f10x_md.o(STACK)
    STACK                                    0x20002250   Section     1024  startup_stm32f10x_md.o(STACK)
    __initial_sp                             0x20002650   Data           0  startup_stm32f10x_md.o(STACK)

    Global Symbols

    Symbol Name                              Value     Ov Type        Size  Object(Section)

    BuildAttributes$$THM_ISAv4$P$D$K$B$S$PE$A:L22UL41UL21$X:L11$S22US41US21$IEEE1$IW$~IW$USESV6$~STKCKD$USESV7$~SHL$OTIME$ROPI$EBA8$UX$STANDARDLIB$REQ8$PRES8$EABIv2 0x00000000   Number         0  anon$$obj.o ABSOLUTE
    __fp_init_empty                          0x00000000   Number         0  fpinit_empty.o ABSOLUTE
    __ARM_exceptions_init                     - Undefined Weak Reference
    __alloca_initialize                       - Undefined Weak Reference
    __arm_preinit_                            - Undefined Weak Reference
    __arm_relocate_pie_                       - Undefined Weak Reference
    __cpp_initialize__aeabi_                  - Undefined Weak Reference
    __cxa_finalize                            - Undefined Weak Reference
    __rt_locale                               - Undefined Weak Reference
    __sigvec_lookup                           - Undefined Weak Reference
    _atexit_init                              - Undefined Weak Reference
    _call_atexit_fns                          - Undefined Weak Reference
    _clock_init                               - Undefined Weak Reference
    _fp_trap_init                             - Undefined Weak Reference
    _fp_trap_shutdown                         - Undefined Weak Reference
    _get_lc_collate                           - Undefined Weak Reference
    _get_lc_ctype                             - Undefined Weak Reference
    _get_lc_monetary                          - Undefined Weak Reference
    _get_lc_numeric                           - Undefined Weak Reference
    _get_lc_time                              - Undefined Weak Reference
    _getenv_init                              - Undefined Weak Reference
    _handle_redirection                       - Undefined Weak Reference
    _init_alloc                               - Undefined Weak Reference
    _init_user_alloc                          - Undefined Weak Reference
    _initio                                   - Undefined Weak Reference
    _rand_init                                - Undefined Weak Reference
    _signal_finish                            - Undefined Weak Reference
    _signal_init                              - Undefined Weak Reference
    _terminate_alloc                          - Undefined Weak Reference
    _terminate_user_alloc                     - Undefined Weak Reference
    _terminateio                              - Undefined Weak Reference
    __Vectors_Size                           0x000000ec   Number         0  startup_stm32f10x_md.o ABSOLUTE
    __RL_RTX_VER                             0x00000482   Number         0  rt_system.o ABSOLUTE
    __Vectors                                0x08000000   Data           4  startup_stm32f10x_md.o(RESET)
    __Vectors_End                            0x080000ec   Data           0  startup_stm32f10x_md.o(RESET)
    __main                                   0x080000ed   Thumb Code     8  __main.o(!!!main)
    __scatterload                            0x080000f5   Thumb Code     0  __scatter.o(!!!scatter)
    __scatterload_rt2                        0x080000f5   Thumb Code    84  __scatter.o(!!!scatter)
    __scatterload_rt2_thumb_only             0x080000f5   Thumb Code     0  __scatter.o(!!!scatter)
    __scatterload_loop                       0x080000ff   Thumb Code     0  __scatter.o(!!!scatter)
    __scatterload_copy                       0x08000151   Thumb Code    26  __scatter_copy.o(!!handler_copy)
    __scatterload_null                       0x0800016d   Thumb Code     2  __scatter.o(!!handler_null)
    __scatterload_zeroinit                   0x08000171   Thumb Code    28  __scatter_zi.o(!!handler_zi)
    __rt_lib_init                            0x0800018d   Thumb Code     0  libinit.o(.ARM.Collect$$libinit$$00000000)
    __rt_lib_init_alloca_1                   0x0800018f   Thumb Code     0  libinit2.o(.ARM.Collect$$libinit$$00000030)
    __rt_lib_init_argv_1                     0x0800018f   Thumb Code     0  libinit2.o(.ARM.Collect$$libinit$$0000002E)
    __rt_lib_init_atexit_1                   0x0800018f   Thumb Code     0  libinit2.o(.ARM.Collect$$libinit$$0000001D)
    __rt_lib_init_clock_1                    0x0800018f   Thumb Code     0  libinit2.o(.ARM.Collect$$libinit$$00000023)
    __rt_lib_init_cpp_1                      0x0800018f   Thumb Code     0  libinit2.o(.ARM.Collect$$libinit$$00000034)
    __rt_lib_init_exceptions_1               0x0800018f   Thumb Code     0  libinit2.o(.ARM.Collect$$libinit$$00000032)
    __rt_lib_init_fp_1                       0x0800018f   Thumb Code     0  libinit2.o(.ARM.Collect$$libinit$$00000002)
    __rt_lib_init_fp_trap_1                  0x0800018f   Thumb Code     0  libinit2.o(.ARM.Collect$$libinit$$00000021)
    __rt_lib_init_getenv_1                   0x0800018f   Thumb Code     0  libinit2.o(.ARM.Collect$$libinit$$00000025)
    __rt_lib_init_heap_1                     0x0800018f   Thumb Code     0  libinit2.o(.ARM.Collect$$libinit$$0000000C)
    __rt_lib_init_lc_collate_1               0x0800018f   Thumb Code     0  libinit2.o(.ARM.Collect$$libinit$$00000013)
    __rt_lib_init_lc_ctype_1                 0x0800018f   Thumb Code     0  libinit2.o(.ARM.Collect$$libinit$$00000015)
    __rt_lib_init_lc_monetary_1              0x0800018f   Thumb Code     0  libinit2.o(.ARM.Collect$$libinit$$00000017)
    __rt_lib_init_lc_numeric_1               0x0800018f   Thumb Code     0  libinit2.o(.ARM.Collect$$libinit$$00000019)
    __rt_lib_init_lc_time_1                  0x0800018f   Thumb Code     0  libinit2.o(.ARM.Collect$$libinit$$0000001B)
    __rt_lib_init_preinit_1                  0x0800018f   Thumb Code     0  libinit2.o(.ARM.Collect$$libinit$$00000006)
    __rt_lib_init_rand_1                     0x0800018f   Thumb Code     0  libinit2.o(.ARM.Collect$$libinit$$00000010)
    __rt_lib_init_relocate_pie_1             0x0800018f   Thumb Code     0  libinit2.o(.ARM.Collect$$libinit$$00000004)
    __rt_lib_init_return                     0x0800018f   Thumb Code     0  libinit2.o(.ARM.Collect$$libinit$$00000035)
    __rt_lib_init_signal_1                   0x0800018f   Thumb Code     0  libinit2.o(.ARM.Collect$$libinit$$0000001F)
    __rt_lib_init_stdio_1                    0x0800018f   Thumb Code     0  libinit2.o(.ARM.Collect$$libinit$$00000027)
    __rt_lib_init_user_alloc_1               0x0800018f   Thumb Code     0  libinit2.o(.ARM.Collect$$libinit$$0000000E)
    __rt_lib_shutdown                        0x08000191   Thumb Code     0  libshutdown.o(.ARM.Collect$$libshutdown$$00000000)
    __rt_lib_shutdown_cpp_1                  0x08000193   Thumb Code     0  libshutdown2.o(.ARM.Collect$$libshutdown$$00000002)
    __rt_lib_shutdown_fp_trap_1              0x08000193   Thumb Code     0  libshutdown2.o(.ARM.Collect$$libshutdown$$00000007)
    __rt_lib_shutdown_heap_1                 0x08000193   Thumb Code     0  libshutdown2.o(.ARM.Collect$$libshutdown$$0000000F)
    __rt_lib_shutdown_return                 0x08000193   Thumb Code     0  libshutdown2.o(.ARM.Collect$$libshutdown$$00000010)
    __rt_lib_shutdown_signal_1               0x08000193   Thumb Code     0  libshutdown2.o(.ARM.Collect$$libshutdown$$0000000A)
    __rt_lib_shutdown_stdio_1                0x08000193   Thumb Code     0  libshutdown2.o(.ARM.Collect$$libshutdown$$00000004)
    __rt_lib_shutdown_user_alloc_1           0x08000193   Thumb Code     0  libshutdown2.o(.ARM.Collect$$libshutdown$$0000000C)
    __rt_entry                               0x08000195   Thumb Code     0  __rtentry.o(.ARM.Collect$$rtentry$$00000000)
    __rt_entry_presh_1                       0x08000195   Thumb Code     0  __rtentry2.o(.ARM.Collect$$rtentry$$00000002)
    __rt_entry_sh                            0x08000195   Thumb Code     0  __rtentry4.o(.ARM.Collect$$rtentry$$00000004)
    __rt_entry_li                            0x0800019b   Thumb Code     0  __rtentry2.o(.ARM.Collect$$rtentry$$0000000A)
    __rt_entry_postsh_1                      0x0800019b   Thumb Code     0  __rtentry2.o(.ARM.Collect$$rtentry$$00000009)
    __rt_entry_postli_1                      0x0800019f   Thumb Code     0  __rtentry2.o(.ARM.Collect$$rtentry$$0000000B)
    __rt_entry_main                          0x080001a7   Thumb Code     0  __rtentry2.o(.ARM.Collect$$rtentry$$0000000D)
    __rt_exit                                0x080001af   Thumb Code     0  rtexit.o(.ARM.Collect$$rtexit$$00000000)
    __rt_exit_ls                             0x080001b1   Thumb Code     0  rtexit2.o(.ARM.Collect$$rtexit$$00000003)
    __rt_exit_prels_1                        0x080001b1   Thumb Code     0  rtexit2.o(.ARM.Collect$$rtexit$$00000002)
    __rt_exit_exit                           0x080001b5   Thumb Code     0  rtexit2.o(.ARM.Collect$$rtexit$$00000004)
    rt_set_PSP                               0x080001bd   Thumb Code     6  hal_cm3.o(.emb_text)
    rt_get_PSP                               0x080001c3   Thumb Code     6  hal_cm3.o(.emb_text)
    os_set_env                               0x080001c9   Thumb Code    24  hal_cm3.o(.emb_text)
    _alloc_box                               0x080001e5   Thumb Code    28  hal_cm3.o(.emb_text)
    _free_box                                0x08000205   Thumb Code    28  hal_cm3.o(.emb_text)
    SVC_Handler                              0x08000225   Thumb Code   108  hal_cm3.o(.emb_text)
    PendSV_Handler                           0x0800029d   Thumb Code    56  hal_cm3.o(.emb_text)
    SysTick_Handler                          0x080002d9   Thumb Code     8  hal_cm3.o(.emb_text)
    OS_Tick_Handler                          0x080002e1   Thumb Code    12  hal_cm3.o(.emb_text)
    main                                     0x080002ed   Thumb Code   358  main.o(.text)
    lcd_putValue                             0x08000455   Thumb Code   146  main.o(.text)
    lcd_command                              0x080004e9   Thumb Code   154  main.o(.text)
    lcd_data                                 0x08000585   Thumb Code   154  main.o(.text)
    lcd_print                                0x08000621   Thumb Code   194  main.o(.text)
    lcd_init                                 0x080006e5   Thumb Code   912  main.o(.text)
    smooth_Time                              0x08000a75   Thumb Code    72  main.o(.text)
    led_par_impar                            0x08000abd   Thumb Code   116  main.o(.text)
    led_gray                                 0x08000b51   Thumb Code   156  main.o(.text)
    led_pot                                  0x08000c0d   Thumb Code  2270  main.o(.text)
    setBuzzerFrequency                       0x080014ed   Thumb Code    76  main.o(.text)
    buzzer                                   0x08001539   Thumb Code   292  main.o(.text)
    leitura_funcao                           0x0800165d   Thumb Code   384  main.o(.text)
    button_debounce                          0x0800180d   Thumb Code    34  main.o(.text)
    leitura_controle                         0x08001831   Thumb Code   556  main.o(.text)
    lcd_atualiza                             0x08001a95   Thumb Code   428  main.o(.text)
    readADC                                  0x08001c41   Thumb Code    52  main.o(.text)
    os_idle_demon                            0x08001c75   Thumb Code     2  rtx_conf_cm.o(.text)
    os_error                                 0x08001c79   Thumb Code     2  rtx_conf_cm.o(.text)
    __user_perthread_libspace                0x08001c7d   Thumb Code    62  rtx_conf_cm.o(.text)
    _mutex_initialize                        0x08001cbd   Thumb Code    48  rtx_conf_cm.o(.text)
    __osSignalWait                           0x08001ced   Thumb Code    18  rtx_conf_cm.o(.text)
    __osMessageGet                           0x08001d01   Thumb Code    18  rtx_conf_cm.o(.text)
    __osMailGet                              0x08001d15   Thumb Code    18  rtx_conf_cm.o(.text)
    _platform_post_lib_init                  0x08001d29   Thumb Code    26  rtx_conf_cm.o(.text)
    Reset_Handler                            0x08001d45   Thumb Code     8  startup_stm32f10x_md.o(.text)
    NMI_Handler                              0x08001d4d   Thumb Code     2  startup_stm32f10x_md.o(.text)
    HardFault_Handler                        0x08001d4f   Thumb Code     2  startup_stm32f10x_md.o(.text)
    MemManage_Handler                        0x08001d51   Thumb Code     2  startup_stm32f10x_md.o(.text)
    BusFault_Handler                         0x08001d53   Thumb Code     2  startup_stm32f10x_md.o(.text)
    UsageFault_Handler                       0x08001d55   Thumb Code     2  startup_stm32f10x_md.o(.text)
    DebugMon_Handler                         0x08001d59   Thumb Code     2  startup_stm32f10x_md.o(.text)
    ADC1_2_IRQHandler                        0x08001d5f   Thumb Code     0  startup_stm32f10x_md.o(.text)
    CAN1_RX1_IRQHandler                      0x08001d5f   Thumb Code     0  startup_stm32f10x_md.o(.text)
    CAN1_SCE_IRQHandler                      0x08001d5f   Thumb Code     0  startup_stm32f10x_md.o(.text)
    DMA1_Channel1_IRQHandler                 0x08001d5f   Thumb Code     0  startup_stm32f10x_md.o(.text)
    DMA1_Channel2_IRQHandler                 0x08001d5f   Thumb Code     0  startup_stm32f10x_md.o(.text)
    DMA1_Channel3_IRQHandler                 0x08001d5f   Thumb Code     0  startup_stm32f10x_md.o(.text)
    DMA1_Channel4_IRQHandler                 0x08001d5f   Thumb Code     0  startup_stm32f10x_md.o(.text)
    DMA1_Channel5_IRQHandler                 0x08001d5f   Thumb Code     0  startup_stm32f10x_md.o(.text)
    DMA1_Channel6_IRQHandler                 0x08001d5f   Thumb Code     0  startup_stm32f10x_md.o(.text)
    DMA1_Channel7_IRQHandler                 0x08001d5f   Thumb Code     0  startup_stm32f10x_md.o(.text)
    EXTI0_IRQHandler                         0x08001d5f   Thumb Code     0  startup_stm32f10x_md.o(.text)
    EXTI15_10_IRQHandler                     0x08001d5f   Thumb Code     0  startup_stm32f10x_md.o(.text)
    EXTI1_IRQHandler                         0x08001d5f   Thumb Code     0  startup_stm32f10x_md.o(.text)
    EXTI2_IRQHandler                         0x08001d5f   Thumb Code     0  startup_stm32f10x_md.o(.text)
    EXTI3_IRQHandler                         0x08001d5f   Thumb Code     0  startup_stm32f10x_md.o(.text)
    EXTI4_IRQHandler                         0x08001d5f   Thumb Code     0  startup_stm32f10x_md.o(.text)
    EXTI9_5_IRQHandler                       0x08001d5f   Thumb Code     0  startup_stm32f10x_md.o(.text)
    FLASH_IRQHandler                         0x08001d5f   Thumb Code     0  startup_stm32f10x_md.o(.text)
    I2C1_ER_IRQHandler                       0x08001d5f   Thumb Code     0  startup_stm32f10x_md.o(.text)
    I2C1_EV_IRQHandler                       0x08001d5f   Thumb Code     0  startup_stm32f10x_md.o(.text)
    I2C2_ER_IRQHandler                       0x08001d5f   Thumb Code     0  startup_stm32f10x_md.o(.text)
    I2C2_EV_IRQHandler                       0x08001d5f   Thumb Code     0  startup_stm32f10x_md.o(.text)
    PVD_IRQHandler                           0x08001d5f   Thumb Code     0  startup_stm32f10x_md.o(.text)
    RCC_IRQHandler                           0x08001d5f   Thumb Code     0  startup_stm32f10x_md.o(.text)
    RTCAlarm_IRQHandler                      0x08001d5f   Thumb Code     0  startup_stm32f10x_md.o(.text)
    RTC_IRQHandler                           0x08001d5f   Thumb Code     0  startup_stm32f10x_md.o(.text)
    SPI1_IRQHandler                          0x08001d5f   Thumb Code     0  startup_stm32f10x_md.o(.text)
    SPI2_IRQHandler                          0x08001d5f   Thumb Code     0  startup_stm32f10x_md.o(.text)
    TAMPER_IRQHandler                        0x08001d5f   Thumb Code     0  startup_stm32f10x_md.o(.text)
    TIM1_BRK_IRQHandler                      0x08001d5f   Thumb Code     0  startup_stm32f10x_md.o(.text)
    TIM1_CC_IRQHandler                       0x08001d5f   Thumb Code     0  startup_stm32f10x_md.o(.text)
    TIM1_TRG_COM_IRQHandler                  0x08001d5f   Thumb Code     0  startup_stm32f10x_md.o(.text)
    TIM1_UP_IRQHandler                       0x08001d5f   Thumb Code     0  startup_stm32f10x_md.o(.text)
    TIM2_IRQHandler                          0x08001d5f   Thumb Code     0  startup_stm32f10x_md.o(.text)
    TIM3_IRQHandler                          0x08001d5f   Thumb Code     0  startup_stm32f10x_md.o(.text)
    TIM4_IRQHandler                          0x08001d5f   Thumb Code     0  startup_stm32f10x_md.o(.text)
    USART1_IRQHandler                        0x08001d5f   Thumb Code     0  startup_stm32f10x_md.o(.text)
    USART2_IRQHandler                        0x08001d5f   Thumb Code     0  startup_stm32f10x_md.o(.text)
    USART3_IRQHandler                        0x08001d5f   Thumb Code     0  startup_stm32f10x_md.o(.text)
    USBWakeUp_IRQHandler                     0x08001d5f   Thumb Code     0  startup_stm32f10x_md.o(.text)
    USB_HP_CAN1_TX_IRQHandler                0x08001d5f   Thumb Code     0  startup_stm32f10x_md.o(.text)
    USB_LP_CAN1_RX0_IRQHandler               0x08001d5f   Thumb Code     0  startup_stm32f10x_md.o(.text)
    WWDG_IRQHandler                          0x08001d5f   Thumb Code     0  startup_stm32f10x_md.o(.text)
    __user_initial_stackheap                 0x08001d61   Thumb Code     0  startup_stm32f10x_md.o(.text)
    SystemInit                               0x08001d85   Thumb Code   268  system_stm32f10x.o(.text)
    SystemCoreClockUpdate                    0x08001e91   Thumb Code    94  system_stm32f10x.o(.text)
    __user_libspace                          0x08001ef1   Thumb Code     8  libspace.o(.text)
    __user_perproc_libspace                  0x08001ef1   Thumb Code     0  libspace.o(.text)
    __use_two_region_memory                  0x08001ef9   Thumb Code     2  heapauxi.o(.text)
    __rt_heap_escrow$2region                 0x08001efb   Thumb Code     2  heapauxi.o(.text)
    __rt_heap_expand$2region                 0x08001efd   Thumb Code     2  heapauxi.o(.text)
    __user_setup_stackheap                   0x08001eff   Thumb Code    74  sys_stackheap_outer.o(.text)
    exit                                     0x08001f49   Thumb Code    18  exit.o(.text)
    _sys_exit                                0x08001f5d   Thumb Code     8  sys_exit.o(.text)
    __I$use$semihosting                      0x08001f69   Thumb Code     0  use_no_semi.o(.text)
    __use_no_semihosting_swi                 0x08001f69   Thumb Code     2  use_no_semi.o(.text)
    __semihosting_library_function           0x08001f6b   Thumb Code     0  indicate_semi.o(.text)
    _mutex_acquire                           0x08001f6d   Thumb Code    34  rtx_conf_cm.o(.text._mutex_acquire)
    _mutex_release                           0x08001f91   Thumb Code    30  rtx_conf_cm.o(.text._mutex_release)
    SVC_Count                                0x08001fb0   Data           4  svc_table.o(SVC_TABLE)
    SVC_Table                                0x08001fb4   Data           0  svc_table.o(SVC_TABLE)
    _init_box                                0x08001fb5   Thumb Code    70  rt_membox.o(i._init_box)
    dbg_init                                 0x08001ffd   Thumb Code    34  hal_cm.o(i.dbg_init)
    dbg_task_notify                          0x0800202d   Thumb Code    32  hal_cm.o(i.dbg_task_notify)
    dbg_task_switch                          0x0800204d   Thumb Code    16  hal_cm.o(i.dbg_task_switch)
    isrMessageGet                            0x0800205d   Thumb Code    42  rt_cmsis.o(i.isrMessageGet)
    isrMessagePut                            0x08002087   Thumb Code    44  rt_cmsis.o(i.isrMessagePut)
    isrSignalSet                             0x080020b3   Thumb Code    36  rt_cmsis.o(i.isrSignalSet)
    isr_evt_set                              0x080020d9   Thumb Code    34  rt_event.o(i.isr_evt_set)
    isr_mbx_receive                          0x08002101   Thumb Code    86  rt_mailbox.o(i.isr_mbx_receive)
    isr_mbx_send                             0x08002157   Thumb Code    14  rt_mailbox.o(i.isr_mbx_send)
    osDelay                                  0x08002165   Thumb Code    18  rt_cmsis.o(i.osDelay)
    osKernelInitialize                       0x0800217d   Thumb Code    30  rt_cmsis.o(i.osKernelInitialize)
    osKernelStart                            0x080021a1   Thumb Code    98  rt_cmsis.o(i.osKernelStart)
    osMailGet                                0x0800220d   Thumb Code    22  rt_cmsis.o(i.osMailGet)
    osMessageGet                             0x08002225   Thumb Code    18  rt_cmsis.o(i.osMessageGet)
    osSignalSet                              0x0800223d   Thumb Code    18  rt_cmsis.o(i.osSignalSet)
    osSignalWait                             0x08002255   Thumb Code    18  rt_cmsis.o(i.osSignalWait)
    osThreadCreate                           0x0800226d   Thumb Code    36  rt_cmsis.o(i.osThreadCreate)
    osThreadExit                             0x08002299   Thumb Code    14  rt_cmsis.o(i.osThreadExit)
    osTimerCall                              0x080022b1   Thumb Code     8  rt_cmsis.o(i.osTimerCall)
    osTimerThread                            0x080022bd   Thumb Code    38  rt_cmsis.o(i.osTimerThread)
    os_tick_init                             0x080022e9   Thumb Code    32  rt_system.o(i.os_tick_init)
    os_tick_irqack                           0x08002311   Thumb Code     2  rt_system.o(i.os_tick_irqack)
    rt_alloc_box                             0x08002313   Thumb Code    26  rt_membox.o(i.rt_alloc_box)
    rt_alloc_mem                             0x0800232d   Thumb Code    62  rt_memory.o(i.rt_alloc_mem)
    rt_block                                 0x0800236d   Thumb Code    48  rt_task.o(i.rt_block)
    rt_chk_robin                             0x080023a5   Thumb Code    60  rt_robin.o(i.rt_chk_robin)
    rt_dec_dly                               0x080023ed   Thumb Code   102  rt_list.o(i.rt_dec_dly)
    rt_dispatch                              0x0800245d   Thumb Code    60  rt_task.o(i.rt_dispatch)
    rt_dly_wait                              0x080024a1   Thumb Code     6  rt_time.o(i.rt_dly_wait)
    rt_evt_psh                               0x080024a9   Thumb Code    76  rt_event.o(i.rt_evt_psh)
    rt_evt_set                               0x080024f9   Thumb Code    88  rt_event.o(i.rt_evt_set)
    rt_evt_wait                              0x08002555   Thumb Code    56  rt_event.o(i.rt_evt_wait)
    rt_free_box                              0x08002591   Thumb Code    44  rt_membox.o(i.rt_free_box)
    rt_free_mem                              0x080025bd   Thumb Code    40  rt_memory.o(i.rt_free_mem)
    rt_get_first                             0x080025e5   Thumb Code    40  rt_list.o(i.rt_get_first)
    rt_init_mem                              0x0800265d   Thumb Code    26  rt_memory.o(i.rt_init_mem)
    rt_init_robin                            0x08002679   Thumb Code    14  rt_robin.o(i.rt_init_robin)
    rt_init_stack                            0x08002691   Thumb Code   118  hal_cm.o(i.rt_init_stack)
    rt_mbx_check                             0x08002711   Thumb Code     8  rt_mailbox.o(i.rt_mbx_check)
    rt_mbx_init                              0x08002719   Thumb Code    26  rt_mailbox.o(i.rt_mbx_init)
    rt_mbx_psh                               0x08002735   Thumb Code   236  rt_mailbox.o(i.rt_mbx_psh)
    rt_mbx_wait                              0x08002825   Thumb Code   174  rt_mailbox.o(i.rt_mbx_wait)
    rt_mut_init                              0x0800291d   Thumb Code    16  rt_mutex.o(i.rt_mut_init)
    rt_mut_release                           0x0800292d   Thumb Code   208  rt_mutex.o(i.rt_mut_release)
    rt_mut_wait                              0x08002a05   Thumb Code   114  rt_mutex.o(i.rt_mut_wait)
    rt_pop_req                               0x08002a7d   Thumb Code   112  rt_system.o(i.rt_pop_req)
    rt_psh_req                               0x08002af9   Thumb Code    22  rt_system.o(i.rt_psh_req)
    rt_psq_enq                               0x08002b19   Thumb Code    88  rt_list.o(i.rt_psq_enq)
    rt_put_dly                               0x08002b75   Thumb Code    68  rt_list.o(i.rt_put_dly)
    rt_put_prio                              0x08002bbd   Thumb Code    54  rt_list.o(i.rt_put_prio)
    rt_put_rdy_first                         0x08002bf5   Thumb Code    14  rt_list.o(i.rt_put_rdy_first)
    rt_resort_prio                           0x08002c09   Thumb Code    46  rt_list.o(i.rt_resort_prio)
    rt_ret_val                               0x08002c3d   Thumb Code     6  hal_cm.o(i.rt_ret_val)
    rt_ret_val2                              0x08002c43   Thumb Code     8  hal_cm.o(i.rt_ret_val2)
    rt_rmv_dly                               0x08002c4b   Thumb Code    40  rt_list.o(i.rt_rmv_dly)
    rt_rmv_list                              0x08002c75   Thumb Code    44  rt_list.o(i.rt_rmv_list)
    rt_sem_psh                               0x08002ca5   Thumb Code    48  rt_semaphore.o(i.rt_sem_psh)
    rt_stk_check                             0x08002cd9   Thumb Code    28  rt_system.o(i.rt_stk_check)
    rt_switch_req                            0x08002cfd   Thumb Code    30  rt_task.o(i.rt_switch_req)
    rt_sys_init                              0x08002d25   Thumb Code   138  rt_task.o(i.rt_sys_init)
    rt_sys_start                             0x08002df1   Thumb Code   110  rt_task.o(i.rt_sys_start)
    rt_systick                               0x08002e69   Thumb Code    50  rt_system.o(i.rt_systick)
    rt_tsk_create                            0x08002ef1   Thumb Code   118  rt_task.o(i.rt_tsk_create)
    rt_tsk_delete                            0x08002f79   Thumb Code   352  rt_task.o(i.rt_tsk_delete)
    rt_tsk_prio                              0x080030f5   Thumb Code   108  rt_task.o(i.rt_tsk_prio)
    rt_tsk_self                              0x08003171   Thumb Code    12  rt_task.o(i.rt_tsk_self)
    svcDelay                                 0x08003181   Thumb Code    18  rt_cmsis.o(i.svcDelay)
    svcKernelInitialize                      0x08003195   Thumb Code    80  rt_cmsis.o(i.svcKernelInitialize)
    svcKernelStart                           0x08003205   Thumb Code    62  rt_cmsis.o(i.svcKernelStart)
    svcMessageCreate                         0x0800324d   Thumb Code    36  rt_cmsis.o(i.svcMessageCreate)
    svcMessageGet                            0x08003271   Thumb Code    58  rt_cmsis.o(i.svcMessageGet)
    svcSignalSet                             0x080032ab   Thumb Code    36  rt_cmsis.o(i.svcSignalSet)
    svcSignalWait                            0x080032d1   Thumb Code    80  rt_cmsis.o(i.svcSignalWait)
    svcThreadCreate                          0x08003325   Thumb Code    96  rt_cmsis.o(i.svcThreadCreate)
    svcThreadGetId                           0x08003391   Thumb Code    22  rt_cmsis.o(i.svcThreadGetId)
    svcThreadTerminate                       0x080033ad   Thumb Code    50  rt_cmsis.o(i.svcThreadTerminate)
    svcTimerCall                             0x080033e5   Thumb Code    24  rt_cmsis.o(i.svcTimerCall)
    sysTimerTick                             0x080033fd   Thumb Code    84  rt_cmsis.o(i.sysTimerTick)
    __aeabi_fadd                             0x08003459   Thumb Code     0  faddsub_clz.o(x$fpl$fadd)
    _fadd                                    0x08003459   Thumb Code   196  faddsub_clz.o(x$fpl$fadd)
    __aeabi_fcmpeq                           0x0800351d   Thumb Code     0  fcmp.o(x$fpl$fcmp)
    _feq                                     0x0800351d   Thumb Code    14  fcmp.o(x$fpl$fcmp)
    _fneq                                    0x0800352b   Thumb Code    14  fcmp.o(x$fpl$fcmp)
    __aeabi_fcmpgt                           0x08003539   Thumb Code     0  fcmp.o(x$fpl$fcmp)
    _fgr                                     0x08003539   Thumb Code    14  fcmp.o(x$fpl$fcmp)
    __aeabi_fcmpge                           0x08003547   Thumb Code     0  fcmp.o(x$fpl$fcmp)
    _fgeq                                    0x08003547   Thumb Code    14  fcmp.o(x$fpl$fcmp)
    __aeabi_fcmple                           0x08003555   Thumb Code     0  fcmp.o(x$fpl$fcmp)
    _fleq                                    0x08003555   Thumb Code    14  fcmp.o(x$fpl$fcmp)
    __aeabi_fcmplt                           0x08003563   Thumb Code     0  fcmp.o(x$fpl$fcmp)
    _fls                                     0x08003563   Thumb Code    14  fcmp.o(x$fpl$fcmp)
    __fpl_fcmp_Inf                           0x08003571   Thumb Code    24  fcmpi.o(x$fpl$fcmpinf)
    __aeabi_cfcmpeq                          0x08003589   Thumb Code     0  feqf.o(x$fpl$feqf)
    _fcmpeq                                  0x08003589   Thumb Code   104  feqf.o(x$fpl$feqf)
    __aeabi_f2uiz                            0x080035f1   Thumb Code     0  ffixu.o(x$fpl$ffixu)
    _ffixu                                   0x080035f1   Thumb Code    62  ffixu.o(x$fpl$ffixu)
    __aeabi_ui2f                             0x08003631   Thumb Code     0  fflt_clz.o(x$fpl$ffltu)
    _ffltu                                   0x08003631   Thumb Code    38  fflt_clz.o(x$fpl$ffltu)
    _fcmpge                                  0x08003659   Thumb Code   104  fgeqf.o(x$fpl$fgeqf)
    __aeabi_cfcmple                          0x080036c1   Thumb Code     0  fleqf.o(x$fpl$fleqf)
    _fcmple                                  0x080036c1   Thumb Code   104  fleqf.o(x$fpl$fleqf)
    __fpl_fcmple_InfNaN                      0x08003713   Thumb Code     0  fleqf.o(x$fpl$fleqf)
    __aeabi_fmul                             0x08003729   Thumb Code     0  fmul.o(x$fpl$fmul)
    _fmul                                    0x08003729   Thumb Code   258  fmul.o(x$fpl$fmul)
    __fpl_fnaninf                            0x0800382b   Thumb Code   140  fnaninf.o(x$fpl$fnaninf)
    __fpl_fretinf                            0x080038b7   Thumb Code    10  fretinf.o(x$fpl$fretinf)
    __aeabi_fsub                             0x080038c1   Thumb Code     0  faddsub_clz.o(x$fpl$fsub)
    _fsub                                    0x080038c1   Thumb Code   234  faddsub_clz.o(x$fpl$fsub)
    AHBPrescTable                            0x080039aa   Data          16  system_stm32f10x.o(.rodata.AHBPrescTable)
    __I$use$fp                               0x080039aa   Number         0  usenofp.o(x$fpl$usenofp)
    CMSIS_RTOS_API_Version                   0x080039bc   Data           4  rtx_conf_cm.o(.rodata.CMSIS_RTOS_API_Version)
    CMSIS_RTOS_RTX_Version                   0x080039c0   Data           4  rtx_conf_cm.o(.rodata.CMSIS_RTOS_RTX_Version)
    mp_stk_size                              0x080039c4   Data           4  rtx_conf_cm.o(.rodata.mp_stk_size)
    mp_tcb_size                              0x080039c8   Data           2  rtx_conf_cm.o(.rodata.mp_tcb_size)
    mp_tmr_size                              0x080039ca   Data           2  rtx_conf_cm.o(.rodata.mp_tmr_size)
    os_clockrate                             0x080039cc   Data           4  rtx_conf_cm.o(.rodata.os_clockrate)
    os_fifo_size                             0x080039d0   Data           1  rtx_conf_cm.o(.rodata.os_fifo_size)
    os_flags                                 0x080039d1   Data           1  rtx_conf_cm.o(.rodata.os_flags)
    os_maxtaskrun                            0x080039d2   Data           2  rtx_conf_cm.o(.rodata.os_maxtaskrun)
    os_messageQ_def_osTimerMessageQ          0x080039d4   Data           8  rtx_conf_cm.o(.rodata.os_messageQ_def_osTimerMessageQ)
    os_rrobin                                0x080039dc   Data           4  rtx_conf_cm.o(.rodata.os_rrobin)
    os_stack_sz                              0x080039e0   Data           4  rtx_conf_cm.o(.rodata.os_stack_sz)
    os_stackinfo                             0x080039e4   Data           4  rtx_conf_cm.o(.rodata.os_stackinfo)
    os_thread_def_buzzer                     0x080039e8   Data          16  main.o(.rodata.os_thread_def_buzzer)
    os_thread_def_lcd_atualiza               0x080039f8   Data          16  main.o(.rodata.os_thread_def_lcd_atualiza)
    os_thread_def_led_gray                   0x08003a08   Data          16  main.o(.rodata.os_thread_def_led_gray)
    os_thread_def_led_par_impar              0x08003a18   Data          16  main.o(.rodata.os_thread_def_led_par_impar)
    os_thread_def_led_pot                    0x08003a28   Data          16  main.o(.rodata.os_thread_def_led_pot)
    os_thread_def_leitura_controle           0x08003a38   Data          16  main.o(.rodata.os_thread_def_leitura_controle)
    os_thread_def_leitura_funcao             0x08003a48   Data          16  main.o(.rodata.os_thread_def_leitura_funcao)
    os_thread_def_main                       0x08003a58   Data          16  rtx_conf_cm.o(.rodata.os_thread_def_main)
    os_thread_def_osTimerThread              0x08003a68   Data          16  rtx_conf_cm.o(.rodata.os_thread_def_osTimerThread)
    os_thread_def_smooth_Time                0x08003a78   Data          16  main.o(.rodata.os_thread_def_smooth_Time)
    os_timernum                              0x08003a88   Data           4  rtx_conf_cm.o(.rodata.os_timernum)
    os_trv                                   0x08003a8c   Data           4  rtx_conf_cm.o(.rodata.os_trv)
    Region$$Table$$Base                      0x08003aac   Number         0  anon$$obj.o(Region$$Table)
    Region$$Table$$Limit                     0x08003acc   Number         0  anon$$obj.o(Region$$Table)
    __ARM_use_no_argv                        0x20000000   Data           4  main.o(.ARM.use_no_argv)
    os_initialized                           0x20000004   Data           1  rt_cmsis.o(.data)
    os_running                               0x20000005   Data           1  rt_cmsis.o(.data)
    os_timer_head                            0x20000008   Data           4  rt_cmsis.o(.data)
    os_tsk                                   0x2000000c   Data           8  rt_task.o(.data)
    os_tick_irqn                             0x20000018   Data           4  rt_system.o(.data)
    os_time                                  0x2000001c   Data           4  rt_time.o(.data)
    os_robin                                 0x20000020   Data           8  rt_robin.o(.data)
    dbg_msg                                  0x20000028   Data           1  hal_cm.o(.data)
    BUTTON                                   0x2000002c   Data           4  main.o(.data.BUTTON)
    FACTOR                                   0x20000030   Data           4  main.o(.data.FACTOR)
    FUNC                                     0x20000034   Data           4  main.o(.data.FUNC)
    SW                                       0x20000038   Data           4  main.o(.data.SW)
    SystemCoreClock                          0x2000003c   Data           4  system_stm32f10x.o(.data.SystemCoreClock)
    TIME_PSEUDO                              0x20000040   Data           4  main.o(.data.TIME_PSEUDO)
    TIME_REAL                                0x20000044   Data           4  main.o(.data.TIME_REAL)
    os_idle_TCB                              0x20000048   Data          52  rt_task.o(.bss)
    os_rdy                                   0x2000007c   Data          24  rt_list.o(.bss)
    os_dly                                   0x20000094   Data          24  rt_list.o(.bss)
    __libspace_start                         0x200000ac   Data          96  libspace.o(.bss)
    FLAG                                     0x2000010c   Data           1  main.o(.bss.FLAG)
    __temporary_stack_top$libspace           0x2000010c   Data           0  libspace.o(.bss)
    NUM_LEDS_ATIVOS                          0x20000110   Data           4  main.o(.bss.NUM_LEDS_ATIVOS)
    T_LCD_ID                                 0x20000114   Data           4  main.o(.bss.T_LCD_ID)
    T_buzzer_ID                              0x20000118   Data           4  main.o(.bss.T_buzzer_ID)
    T_led_gray_ID                            0x2000011c   Data           4  main.o(.bss.T_led_gray_ID)
    T_led_par_impar_ID                       0x20000120   Data           4  main.o(.bss.T_led_par_impar_ID)
    T_led_pot_ID                             0x20000124   Data           4  main.o(.bss.T_led_pot_ID)
    T_leitura_cont_ID                        0x20000128   Data           4  main.o(.bss.T_leitura_cont_ID)
    T_leitura_func_ID                        0x2000012c   Data           4  main.o(.bss.T_leitura_func_ID)
    T_smooth_Time_ID                         0x20000130   Data           4  main.o(.bss.T_smooth_Time_ID)
    m_tmr                                    0x20000134   Data           4  rtx_conf_cm.o(.bss.m_tmr)
    mp_stk                                   0x20000138   Data        4016  rtx_conf_cm.o(.bss.mp_stk)
    mp_tcb                                   0x200010e8   Data        1104  rtx_conf_cm.o(.bss.mp_tcb)
    osMessageQId_osTimerMessageQ             0x2000153c   Data           4  rtx_conf_cm.o(.bss.osMessageQId_osTimerMessageQ)
    osThreadId_osTimerThread                 0x20001540   Data           4  rtx_conf_cm.o(.bss.osThreadId_osTimerThread)
    os_active_TCB                            0x20001544   Data          84  rtx_conf_cm.o(.bss.os_active_TCB)
    os_fifo                                  0x20001598   Data         132  rtx_conf_cm.o(.bss.os_fifo)
    os_messageQ_q_osTimerMessageQ            0x2000161c   Data          32  rtx_conf_cm.o(.bss.os_messageQ_q_osTimerMessageQ)
    os_stack_mem                             0x20001640   Data         432  rtx_conf_cm.o(.bss.os_stack_mem)



==============================================================================

Memory Map of the image

  Image Entry point : 0x080000ed

  Load Region LR_IROM1 (Base: 0x08000000, Size: 0x00003b18, Max: 0x00020000, ABSOLUTE)

    Execution Region ER_IROM1 (Exec base: 0x08000000, Load base: 0x08000000, Size: 0x00003acc, Max: 0x00020000, ABSOLUTE)

    Exec Addr    Load Addr    Size         Type   Attr      Idx    E Section Name        Object

    0x08000000   0x08000000   0x000000ec   Data   RO          102    RESET               startup_stm32f10x_md.o
    0x080000ec   0x080000ec   0x00000008   Code   RO         1340  * !!!main             c_w.l(__main.o)
    0x080000f4   0x080000f4   0x0000005c   Code   RO         1544    !!!scatter          c_w.l(__scatter.o)
    0x08000150   0x08000150   0x0000001a   Code   RO         1548    !!handler_copy      c_w.l(__scatter_copy.o)
    0x0800016a   0x0800016a   0x00000002   PAD
    0x0800016c   0x0800016c   0x00000002   Code   RO         1545    !!handler_null      c_w.l(__scatter.o)
    0x0800016e   0x0800016e   0x00000002   PAD
    0x08000170   0x08000170   0x0000001c   Code   RO         1550    !!handler_zi        c_w.l(__scatter_zi.o)
    0x0800018c   0x0800018c   0x00000002   Code   RO         1409    .ARM.Collect$$libinit$$00000000  c_w.l(libinit.o)
    0x0800018e   0x0800018e   0x00000000   Code   RO         1419    .ARM.Collect$$libinit$$00000002  c_w.l(libinit2.o)
    0x0800018e   0x0800018e   0x00000000   Code   RO         1421    .ARM.Collect$$libinit$$00000004  c_w.l(libinit2.o)
    0x0800018e   0x0800018e   0x00000000   Code   RO         1423    .ARM.Collect$$libinit$$00000006  c_w.l(libinit2.o)
    0x0800018e   0x0800018e   0x00000000   Code   RO         1426    .ARM.Collect$$libinit$$0000000C  c_w.l(libinit2.o)
    0x0800018e   0x0800018e   0x00000000   Code   RO         1428    .ARM.Collect$$libinit$$0000000E  c_w.l(libinit2.o)
    0x0800018e   0x0800018e   0x00000000   Code   RO         1430    .ARM.Collect$$libinit$$00000010  c_w.l(libinit2.o)
    0x0800018e   0x0800018e   0x00000000   Code   RO         1433    .ARM.Collect$$libinit$$00000013  c_w.l(libinit2.o)
    0x0800018e   0x0800018e   0x00000000   Code   RO         1435    .ARM.Collect$$libinit$$00000015  c_w.l(libinit2.o)
    0x0800018e   0x0800018e   0x00000000   Code   RO         1437    .ARM.Collect$$libinit$$00000017  c_w.l(libinit2.o)
    0x0800018e   0x0800018e   0x00000000   Code   RO         1439    .ARM.Collect$$libinit$$00000019  c_w.l(libinit2.o)
    0x0800018e   0x0800018e   0x00000000   Code   RO         1441    .ARM.Collect$$libinit$$0000001B  c_w.l(libinit2.o)
    0x0800018e   0x0800018e   0x00000000   Code   RO         1443    .ARM.Collect$$libinit$$0000001D  c_w.l(libinit2.o)
    0x0800018e   0x0800018e   0x00000000   Code   RO         1445    .ARM.Collect$$libinit$$0000001F  c_w.l(libinit2.o)
    0x0800018e   0x0800018e   0x00000000   Code   RO         1447    .ARM.Collect$$libinit$$00000021  c_w.l(libinit2.o)
    0x0800018e   0x0800018e   0x00000000   Code   RO         1449    .ARM.Collect$$libinit$$00000023  c_w.l(libinit2.o)
    0x0800018e   0x0800018e   0x00000000   Code   RO         1451    .ARM.Collect$$libinit$$00000025  c_w.l(libinit2.o)
    0x0800018e   0x0800018e   0x00000000   Code   RO         1453    .ARM.Collect$$libinit$$00000027  c_w.l(libinit2.o)
    0x0800018e   0x0800018e   0x00000000   Code   RO         1457    .ARM.Collect$$libinit$$0000002E  c_w.l(libinit2.o)
    0x0800018e   0x0800018e   0x00000000   Code   RO         1459    .ARM.Collect$$libinit$$00000030  c_w.l(libinit2.o)
    0x0800018e   0x0800018e   0x00000000   Code   RO         1461    .ARM.Collect$$libinit$$00000032  c_w.l(libinit2.o)
    0x0800018e   0x0800018e   0x00000000   Code   RO         1463    .ARM.Collect$$libinit$$00000034  c_w.l(libinit2.o)
    0x0800018e   0x0800018e   0x00000002   Code   RO         1464    .ARM.Collect$$libinit$$00000035  c_w.l(libinit2.o)
    0x08000190   0x08000190   0x00000002   Code   RO         1499    .ARM.Collect$$libshutdown$$00000000  c_w.l(libshutdown.o)
    0x08000192   0x08000192   0x00000000   Code   RO         1527    .ARM.Collect$$libshutdown$$00000002  c_w.l(libshutdown2.o)
    0x08000192   0x08000192   0x00000000   Code   RO         1529    .ARM.Collect$$libshutdown$$00000004  c_w.l(libshutdown2.o)
    0x08000192   0x08000192   0x00000000   Code   RO         1532    .ARM.Collect$$libshutdown$$00000007  c_w.l(libshutdown2.o)
    0x08000192   0x08000192   0x00000000   Code   RO         1535    .ARM.Collect$$libshutdown$$0000000A  c_w.l(libshutdown2.o)
    0x08000192   0x08000192   0x00000000   Code   RO         1537    .ARM.Collect$$libshutdown$$0000000C  c_w.l(libshutdown2.o)
    0x08000192   0x08000192   0x00000000   Code   RO         1540    .ARM.Collect$$libshutdown$$0000000F  c_w.l(libshutdown2.o)
    0x08000192   0x08000192   0x00000002   Code   RO         1541    .ARM.Collect$$libshutdown$$00000010  c_w.l(libshutdown2.o)
    0x08000194   0x08000194   0x00000000   Code   RO         1362    .ARM.Collect$$rtentry$$00000000  c_w.l(__rtentry.o)
    0x08000194   0x08000194   0x00000000   Code   RO         1379    .ARM.Collect$$rtentry$$00000002  c_w.l(__rtentry2.o)
    0x08000194   0x08000194   0x00000006   Code   RO         1391    .ARM.Collect$$rtentry$$00000004  c_w.l(__rtentry4.o)
    0x0800019a   0x0800019a   0x00000000   Code   RO         1381    .ARM.Collect$$rtentry$$00000009  c_w.l(__rtentry2.o)
    0x0800019a   0x0800019a   0x00000004   Code   RO         1382    .ARM.Collect$$rtentry$$0000000A  c_w.l(__rtentry2.o)
    0x0800019e   0x0800019e   0x00000008   Code   RO         1383    .ARM.Collect$$rtentry$$0000000B  c_w.l(__rtentry2.o)
    0x080001a6   0x080001a6   0x00000008   Code   RO         1385    .ARM.Collect$$rtentry$$0000000D  c_w.l(__rtentry2.o)
    0x080001ae   0x080001ae   0x00000002   Code   RO         1410    .ARM.Collect$$rtexit$$00000000  c_w.l(rtexit.o)
    0x080001b0   0x080001b0   0x00000000   Code   RO         1470    .ARM.Collect$$rtexit$$00000002  c_w.l(rtexit2.o)
    0x080001b0   0x080001b0   0x00000004   Code   RO         1471    .ARM.Collect$$rtexit$$00000003  c_w.l(rtexit2.o)
    0x080001b4   0x080001b4   0x00000006   Code   RO         1472    .ARM.Collect$$rtexit$$00000004  c_w.l(rtexit2.o)
    0x080001ba   0x080001ba   0x00000002   PAD
    0x080001bc   0x080001bc   0x00000130   Code   RO         1318    .emb_text           RTX_CM3.lib(hal_cm3.o)
    0x080002ec   0x080002ec   0x00001988   Code   RO            1    .text               main.o
    0x08001c74   0x08001c74   0x000000ce   Code   RO           45    .text               rtx_conf_cm.o
    0x08001d42   0x08001d42   0x00000002   PAD
    0x08001d44   0x08001d44   0x00000040   Code   RO          103    .text               startup_stm32f10x_md.o
    0x08001d84   0x08001d84   0x0000016a   Code   RO          109    .text               system_stm32f10x.o
    0x08001eee   0x08001eee   0x00000002   PAD
    0x08001ef0   0x08001ef0   0x00000008   Code   RO         1333    .text               c_w.l(libspace.o)
    0x08001ef8   0x08001ef8   0x00000006   Code   RO         1338    .text               c_w.l(heapauxi.o)
    0x08001efe   0x08001efe   0x0000004a   Code   RO         1397    .text               c_w.l(sys_stackheap_outer.o)
    0x08001f48   0x08001f48   0x00000012   Code   RO         1399    .text               c_w.l(exit.o)
    0x08001f5a   0x08001f5a   0x00000002   PAD
    0x08001f5c   0x08001f5c   0x0000000c   Code   RO         1465    .text               c_w.l(sys_exit.o)
    0x08001f68   0x08001f68   0x00000002   Code   RO         1488    .text               c_w.l(use_no_semi.o)
    0x08001f6a   0x08001f6a   0x00000000   Code   RO         1490    .text               c_w.l(indicate_semi.o)
    0x08001f6a   0x08001f6a   0x00000002   PAD
    0x08001f6c   0x08001f6c   0x00000022   Code   RO           47    .text._mutex_acquire  rtx_conf_cm.o
    0x08001f8e   0x08001f8e   0x00000002   PAD
    0x08001f90   0x08001f90   0x0000001e   Code   RO           49    .text._mutex_release  rtx_conf_cm.o
    0x08001fae   0x08001fae   0x00000002   PAD
    0x08001fb0   0x08001fb0   0x00000004   Code   RO         1328    SVC_TABLE           RTX_CM3.lib(svc_table.o)
    0x08001fb4   0x08001fb4   0x00000046   Code   RO         1217    i._init_box         RTX_CM3.lib(rt_membox.o)
    0x08001ffa   0x08001ffa   0x00000002   PAD
    0x08001ffc   0x08001ffc   0x00000030   Code   RO         1270    i.dbg_init          RTX_CM3.lib(hal_cm.o)
    0x0800202c   0x0800202c   0x00000020   Code   RO         1271    i.dbg_task_notify   RTX_CM3.lib(hal_cm.o)
    0x0800204c   0x0800204c   0x00000010   Code   RO         1272    i.dbg_task_switch   RTX_CM3.lib(hal_cm.o)
    0x0800205c   0x0800205c   0x0000002a   Code   RO          122    i.isrMessageGet     RTX_CM3.lib(rt_cmsis.o)
    0x08002086   0x08002086   0x0000002c   Code   RO          123    i.isrMessagePut     RTX_CM3.lib(rt_cmsis.o)
    0x080020b2   0x080020b2   0x00000024   Code   RO          125    i.isrSignalSet      RTX_CM3.lib(rt_cmsis.o)
    0x080020d6   0x080020d6   0x00000002   PAD
    0x080020d8   0x080020d8   0x00000028   Code   RO          954    i.isr_evt_set       RTX_CM3.lib(rt_event.o)
    0x08002100   0x08002100   0x00000056   Code   RO         1072    i.isr_mbx_receive   RTX_CM3.lib(rt_mailbox.o)
    0x08002156   0x08002156   0x0000000e   Code   RO         1073    i.isr_mbx_send      RTX_CM3.lib(rt_mailbox.o)
    0x08002164   0x08002164   0x00000018   Code   RO          126    i.osDelay           RTX_CM3.lib(rt_cmsis.o)
    0x0800217c   0x0800217c   0x00000024   Code   RO          127    i.osKernelInitialize  RTX_CM3.lib(rt_cmsis.o)
    0x080021a0   0x080021a0   0x0000006c   Code   RO          129    i.osKernelStart     RTX_CM3.lib(rt_cmsis.o)
    0x0800220c   0x0800220c   0x00000016   Code   RO          135    i.osMailGet         RTX_CM3.lib(rt_cmsis.o)
    0x08002222   0x08002222   0x00000002   PAD
    0x08002224   0x08002224   0x00000018   Code   RO          138    i.osMessageGet      RTX_CM3.lib(rt_cmsis.o)
    0x0800223c   0x0800223c   0x00000018   Code   RO          153    i.osSignalSet       RTX_CM3.lib(rt_cmsis.o)
    0x08002254   0x08002254   0x00000018   Code   RO          154    i.osSignalWait      RTX_CM3.lib(rt_cmsis.o)
    0x0800226c   0x0800226c   0x0000002c   Code   RO          155    i.osThreadCreate    RTX_CM3.lib(rt_cmsis.o)
    0x08002298   0x08002298   0x00000018   Code   RO          156    i.osThreadExit      RTX_CM3.lib(rt_cmsis.o)
    0x080022b0   0x080022b0   0x0000000c   Code   RO          162    i.osTimerCall       RTX_CM3.lib(rt_cmsis.o)
    0x080022bc   0x080022bc   0x0000002c   Code   RO          167    i.osTimerThread     RTX_CM3.lib(rt_cmsis.o)
    0x080022e8   0x080022e8   0x00000028   Code   RO          864    i.os_tick_init      RTX_CM3.lib(rt_system.o)
    0x08002310   0x08002310   0x00000002   Code   RO          865    i.os_tick_irqack    RTX_CM3.lib(rt_system.o)
    0x08002312   0x08002312   0x0000001a   Code   RO         1218    i.rt_alloc_box      RTX_CM3.lib(rt_membox.o)
    0x0800232c   0x0800232c   0x0000003e   Code   RO         1246    i.rt_alloc_mem      RTX_CM3.lib(rt_memory.o)
    0x0800236a   0x0800236a   0x00000002   PAD
    0x0800236c   0x0800236c   0x00000038   Code   RO          745    i.rt_block          RTX_CM3.lib(rt_task.o)
    0x080023a4   0x080023a4   0x00000048   Code   RO         1195    i.rt_chk_robin      RTX_CM3.lib(rt_robin.o)
    0x080023ec   0x080023ec   0x00000070   Code   RO          996    i.rt_dec_dly        RTX_CM3.lib(rt_list.o)
    0x0800245c   0x0800245c   0x00000044   Code   RO          746    i.rt_dispatch       RTX_CM3.lib(rt_task.o)
    0x080024a0   0x080024a0   0x00000006   Code   RO         1162    i.rt_dly_wait       RTX_CM3.lib(rt_time.o)
    0x080024a6   0x080024a6   0x00000002   PAD
    0x080024a8   0x080024a8   0x00000050   Code   RO          957    i.rt_evt_psh        RTX_CM3.lib(rt_event.o)
    0x080024f8   0x080024f8   0x0000005c   Code   RO          958    i.rt_evt_set        RTX_CM3.lib(rt_event.o)
    0x08002554   0x08002554   0x0000003c   Code   RO          959    i.rt_evt_wait       RTX_CM3.lib(rt_event.o)
    0x08002590   0x08002590   0x0000002c   Code   RO         1219    i.rt_free_box       RTX_CM3.lib(rt_membox.o)
    0x080025bc   0x080025bc   0x00000028   Code   RO         1247    i.rt_free_mem       RTX_CM3.lib(rt_memory.o)
    0x080025e4   0x080025e4   0x00000028   Code   RO          997    i.rt_get_first      RTX_CM3.lib(rt_list.o)
    0x0800260c   0x0800260c   0x00000008   Code   RO          172    i.rt_id2obj         RTX_CM3.lib(rt_cmsis.o)
    0x08002614   0x08002614   0x00000048   Code   RO          747    i.rt_init_context   RTX_CM3.lib(rt_task.o)
    0x0800265c   0x0800265c   0x0000001a   Code   RO         1248    i.rt_init_mem       RTX_CM3.lib(rt_memory.o)
    0x08002676   0x08002676   0x00000002   PAD
    0x08002678   0x08002678   0x00000018   Code   RO         1196    i.rt_init_robin     RTX_CM3.lib(rt_robin.o)
    0x08002690   0x08002690   0x00000080   Code   RO         1273    i.rt_init_stack     RTX_CM3.lib(hal_cm.o)
    0x08002710   0x08002710   0x00000008   Code   RO         1074    i.rt_mbx_check      RTX_CM3.lib(rt_mailbox.o)
    0x08002718   0x08002718   0x0000001a   Code   RO         1075    i.rt_mbx_init       RTX_CM3.lib(rt_mailbox.o)
    0x08002732   0x08002732   0x00000002   PAD
    0x08002734   0x08002734   0x000000f0   Code   RO         1076    i.rt_mbx_psh        RTX_CM3.lib(rt_mailbox.o)
    0x08002824   0x08002824   0x000000b4   Code   RO         1078    i.rt_mbx_wait       RTX_CM3.lib(rt_mailbox.o)
    0x080028d8   0x080028d8   0x00000044   Code   RO          173    i.rt_ms2tick        RTX_CM3.lib(rt_cmsis.o)
    0x0800291c   0x0800291c   0x00000010   Code   RO          830    i.rt_mut_init       RTX_CM3.lib(rt_mutex.o)
    0x0800292c   0x0800292c   0x000000d8   Code   RO          831    i.rt_mut_release    RTX_CM3.lib(rt_mutex.o)
    0x08002a04   0x08002a04   0x00000078   Code   RO          832    i.rt_mut_wait       RTX_CM3.lib(rt_mutex.o)
    0x08002a7c   0x08002a7c   0x0000007c   Code   RO          868    i.rt_pop_req        RTX_CM3.lib(rt_system.o)
    0x08002af8   0x08002af8   0x00000020   Code   RO          869    i.rt_psh_req        RTX_CM3.lib(rt_system.o)
    0x08002b18   0x08002b18   0x0000005c   Code   RO          999    i.rt_psq_enq        RTX_CM3.lib(rt_list.o)
    0x08002b74   0x08002b74   0x00000048   Code   RO         1000    i.rt_put_dly        RTX_CM3.lib(rt_list.o)
    0x08002bbc   0x08002bbc   0x00000036   Code   RO         1001    i.rt_put_prio       RTX_CM3.lib(rt_list.o)
    0x08002bf2   0x08002bf2   0x00000002   PAD
    0x08002bf4   0x08002bf4   0x00000014   Code   RO         1002    i.rt_put_rdy_first  RTX_CM3.lib(rt_list.o)
    0x08002c08   0x08002c08   0x00000034   Code   RO         1003    i.rt_resort_prio    RTX_CM3.lib(rt_list.o)
    0x08002c3c   0x08002c3c   0x00000006   Code   RO         1274    i.rt_ret_val        RTX_CM3.lib(hal_cm.o)
    0x08002c42   0x08002c42   0x00000008   Code   RO         1275    i.rt_ret_val2       RTX_CM3.lib(hal_cm.o)
    0x08002c4a   0x08002c4a   0x00000028   Code   RO         1004    i.rt_rmv_dly        RTX_CM3.lib(rt_list.o)
    0x08002c72   0x08002c72   0x00000002   PAD
    0x08002c74   0x08002c74   0x00000030   Code   RO         1005    i.rt_rmv_list       RTX_CM3.lib(rt_list.o)
    0x08002ca4   0x08002ca4   0x00000034   Code   RO         1123    i.rt_sem_psh        RTX_CM3.lib(rt_semaphore.o)
    0x08002cd8   0x08002cd8   0x00000024   Code   RO          871    i.rt_stk_check      RTX_CM3.lib(rt_system.o)
    0x08002cfc   0x08002cfc   0x00000028   Code   RO          748    i.rt_switch_req     RTX_CM3.lib(rt_task.o)
    0x08002d24   0x08002d24   0x000000cc   Code   RO          749    i.rt_sys_init       RTX_CM3.lib(rt_task.o)
    0x08002df0   0x08002df0   0x00000078   Code   RO          750    i.rt_sys_start      RTX_CM3.lib(rt_task.o)
    0x08002e68   0x08002e68   0x00000040   Code   RO          873    i.rt_systick        RTX_CM3.lib(rt_system.o)
    0x08002ea8   0x08002ea8   0x00000012   Code   RO          174    i.rt_tid2ptcb       RTX_CM3.lib(rt_cmsis.o)
    0x08002eba   0x08002eba   0x00000002   PAD
    0x08002ebc   0x08002ebc   0x00000034   Code   RO          175    i.rt_timer_insert   RTX_CM3.lib(rt_cmsis.o)
    0x08002ef0   0x08002ef0   0x00000088   Code   RO          751    i.rt_tsk_create     RTX_CM3.lib(rt_task.o)
    0x08002f78   0x08002f78   0x0000017c   Code   RO          752    i.rt_tsk_delete     RTX_CM3.lib(rt_task.o)
    0x080030f4   0x080030f4   0x0000007c   Code   RO          754    i.rt_tsk_prio       RTX_CM3.lib(rt_task.o)
    0x08003170   0x08003170   0x00000010   Code   RO          755    i.rt_tsk_self       RTX_CM3.lib(rt_task.o)
    0x08003180   0x08003180   0x00000012   Code   RO          177    i.svcDelay          RTX_CM3.lib(rt_cmsis.o)
    0x08003192   0x08003192   0x00000002   PAD
    0x08003194   0x08003194   0x00000070   Code   RO          178    i.svcKernelInitialize  RTX_CM3.lib(rt_cmsis.o)
    0x08003204   0x08003204   0x00000048   Code   RO          180    i.svcKernelStart    RTX_CM3.lib(rt_cmsis.o)
    0x0800324c   0x0800324c   0x00000024   Code   RO          183    i.svcMessageCreate  RTX_CM3.lib(rt_cmsis.o)
    0x08003270   0x08003270   0x0000003a   Code   RO          184    i.svcMessageGet     RTX_CM3.lib(rt_cmsis.o)
    0x080032aa   0x080032aa   0x00000024   Code   RO          196    i.svcSignalSet      RTX_CM3.lib(rt_cmsis.o)
    0x080032ce   0x080032ce   0x00000002   PAD
    0x080032d0   0x080032d0   0x00000054   Code   RO          197    i.svcSignalWait     RTX_CM3.lib(rt_cmsis.o)
    0x08003324   0x08003324   0x0000006c   Code   RO          198    i.svcThreadCreate   RTX_CM3.lib(rt_cmsis.o)
    0x08003390   0x08003390   0x0000001c   Code   RO          199    i.svcThreadGetId    RTX_CM3.lib(rt_cmsis.o)
    0x080033ac   0x080033ac   0x00000038   Code   RO          202    i.svcThreadTerminate  RTX_CM3.lib(rt_cmsis.o)
    0x080033e4   0x080033e4   0x00000018   Code   RO          204    i.svcTimerCall      RTX_CM3.lib(rt_cmsis.o)
    0x080033fc   0x080033fc   0x0000005c   Code   RO          213    i.sysTimerTick      RTX_CM3.lib(rt_cmsis.o)
    0x08003458   0x08003458   0x000000c4   Code   RO         1342    x$fpl$fadd          fz_ws.l(faddsub_clz.o)
    0x0800351c   0x0800351c   0x00000054   Code   RO         1348    x$fpl$fcmp          fz_ws.l(fcmp.o)
    0x08003570   0x08003570   0x00000018   Code   RO         1395    x$fpl$fcmpinf       fz_ws.l(fcmpi.o)
    0x08003588   0x08003588   0x00000068   Code   RO         1367    x$fpl$feqf          fz_ws.l(feqf.o)
    0x080035f0   0x080035f0   0x0000003e   Code   RO         1350    x$fpl$ffixu         fz_ws.l(ffixu.o)
    0x0800362e   0x0800362e   0x00000002   PAD
    0x08003630   0x08003630   0x00000026   Code   RO         1354    x$fpl$ffltu         fz_ws.l(fflt_clz.o)
    0x08003656   0x08003656   0x00000002   PAD
    0x08003658   0x08003658   0x00000068   Code   RO         1369    x$fpl$fgeqf         fz_ws.l(fgeqf.o)
    0x080036c0   0x080036c0   0x00000068   Code   RO         1371    x$fpl$fleqf         fz_ws.l(fleqf.o)
    0x08003728   0x08003728   0x00000102   Code   RO         1360    x$fpl$fmul          fz_ws.l(fmul.o)
    0x0800382a   0x0800382a   0x0000008c   Code   RO         1373    x$fpl$fnaninf       fz_ws.l(fnaninf.o)
    0x080038b6   0x080038b6   0x0000000a   Code   RO         1375    x$fpl$fretinf       fz_ws.l(fretinf.o)
    0x080038c0   0x080038c0   0x000000ea   Code   RO         1344    x$fpl$fsub          fz_ws.l(faddsub_clz.o)
    0x080039aa   0x080039aa   0x00000000   Code   RO         1377    x$fpl$usenofp       fz_ws.l(usenofp.o)
    0x080039aa   0x080039aa   0x00000010   Data   RO          112    .rodata.AHBPrescTable  system_stm32f10x.o
    0x080039ba   0x080039ba   0x00000002   PAD
    0x080039bc   0x080039bc   0x00000004   Data   RO           59    .rodata.CMSIS_RTOS_API_Version  rtx_conf_cm.o
    0x080039c0   0x080039c0   0x00000004   Data   RO           60    .rodata.CMSIS_RTOS_RTX_Version  rtx_conf_cm.o
    0x080039c4   0x080039c4   0x00000004   Data   RO           64    .rodata.mp_stk_size  rtx_conf_cm.o
    0x080039c8   0x080039c8   0x00000002   Data   RO           63    .rodata.mp_tcb_size  rtx_conf_cm.o
    0x080039ca   0x080039ca   0x00000002   Data   RO           72    .rodata.mp_tmr_size  rtx_conf_cm.o
    0x080039cc   0x080039cc   0x00000004   Data   RO           61    .rodata.os_clockrate  rtx_conf_cm.o
    0x080039d0   0x080039d0   0x00000001   Data   RO           66    .rodata.os_fifo_size  rtx_conf_cm.o
    0x080039d1   0x080039d1   0x00000001   Data   RO           58    .rodata.os_flags    rtx_conf_cm.o
    0x080039d2   0x080039d2   0x00000002   Data   RO           51    .rodata.os_maxtaskrun  rtx_conf_cm.o
    0x080039d4   0x080039d4   0x00000008   Data   RO           69    .rodata.os_messageQ_def_osTimerMessageQ  rtx_conf_cm.o
    0x080039dc   0x080039dc   0x00000004   Data   RO           53    .rodata.os_rrobin   rtx_conf_cm.o
    0x080039e0   0x080039e0   0x00000004   Data   RO           65    .rodata.os_stack_sz  rtx_conf_cm.o
    0x080039e4   0x080039e4   0x00000004   Data   RO           52    .rodata.os_stackinfo  rtx_conf_cm.o
    0x080039e8   0x080039e8   0x00000010   Data   RO           15    .rodata.os_thread_def_buzzer  main.o
    0x080039f8   0x080039f8   0x00000010   Data   RO           16    .rodata.os_thread_def_lcd_atualiza  main.o
    0x08003a08   0x08003a08   0x00000010   Data   RO           13    .rodata.os_thread_def_led_gray  main.o
    0x08003a18   0x08003a18   0x00000010   Data   RO           12    .rodata.os_thread_def_led_par_impar  main.o
    0x08003a28   0x08003a28   0x00000010   Data   RO           14    .rodata.os_thread_def_led_pot  main.o
    0x08003a38   0x08003a38   0x00000010   Data   RO           18    .rodata.os_thread_def_leitura_controle  main.o
    0x08003a48   0x08003a48   0x00000010   Data   RO           17    .rodata.os_thread_def_leitura_funcao  main.o
    0x08003a58   0x08003a58   0x00000010   Data   RO           76    .rodata.os_thread_def_main  rtx_conf_cm.o
    0x08003a68   0x08003a68   0x00000010   Data   RO           67    .rodata.os_thread_def_osTimerThread  rtx_conf_cm.o
    0x08003a78   0x08003a78   0x00000010   Data   RO           19    .rodata.os_thread_def_smooth_Time  main.o
    0x08003a88   0x08003a88   0x00000004   Data   RO           62    .rodata.os_timernum  rtx_conf_cm.o
    0x08003a8c   0x08003a8c   0x00000004   Data   RO           57    .rodata.os_trv      rtx_conf_cm.o
    0x08003a90   0x08003a90   0x00000019   Data   RO            7    .rodata.str1.1      main.o
    0x08003aa9   0x08003aa9   0x00000003   PAD
    0x08003aac   0x08003aac   0x00000020   Data   RO         1543    Region$$Table       anon$$obj.o


    Execution Region RW_IRAM1 (Exec base: 0x20000000, Load base: 0x08003ad0, Size: 0x00002650, Max: 0x00005000, ABSOLUTE)

    Exec Addr    Load Addr    Size         Type   Attr      Idx    E Section Name        Object

    0x20000000   0x08003ad0   0x00000004   Data   RW           28    .ARM.use_no_argv    main.o
    0x20000004   0x08003ad4   0x00000008   Data   RW          216    .data               RTX_CM3.lib(rt_cmsis.o)
    0x2000000c   0x08003adc   0x00000008   Data   RW          757    .data               RTX_CM3.lib(rt_task.o)
    0x20000014   0x08003ae4   0x00000008   Data   RW          876    .data               RTX_CM3.lib(rt_system.o)
    0x2000001c   0x08003aec   0x00000004   Data   RW         1166    .data               RTX_CM3.lib(rt_time.o)
    0x20000020   0x08003af0   0x00000008   Data   RW         1197    .data               RTX_CM3.lib(rt_robin.o)
    0x20000028   0x08003af8   0x00000001   Data   RW         1276    .data               RTX_CM3.lib(hal_cm.o)
    0x20000029   0x08003af9   0x00000003   PAD
    0x2000002c   0x08003afc   0x00000004   Data   RW            9    .data.BUTTON        main.o
    0x20000030   0x08003b00   0x00000004   Data   RW            5    .data.FACTOR        main.o
    0x20000034   0x08003b04   0x00000004   Data   RW            8    .data.FUNC          main.o
    0x20000038   0x08003b08   0x00000004   Data   RW           10    .data.SW            main.o
    0x2000003c   0x08003b0c   0x00000004   Data   RW          111    .data.SystemCoreClock  system_stm32f10x.o
    0x20000040   0x08003b10   0x00000004   Data   RW            4    .data.TIME_PSEUDO   main.o
    0x20000044   0x08003b14   0x00000004   Data   RW            3    .data.TIME_REAL     main.o
    0x20000048        -       0x00000034   Zero   RW          756    .bss                RTX_CM3.lib(rt_task.o)
    0x2000007c        -       0x00000030   Zero   RW         1006    .bss                RTX_CM3.lib(rt_list.o)
    0x200000ac        -       0x00000060   Zero   RW         1334    .bss                c_w.l(libspace.o)
    0x2000010c        -       0x00000001   Zero   RW           11    .bss.FLAG           main.o
    0x2000010d   0x08003b18   0x00000003   PAD
    0x20000110        -       0x00000004   Zero   RW            6    .bss.NUM_LEDS_ATIVOS  main.o
    0x20000114        -       0x00000004   Zero   RW           24    .bss.T_LCD_ID       main.o
    0x20000118        -       0x00000004   Zero   RW           23    .bss.T_buzzer_ID    main.o
    0x2000011c        -       0x00000004   Zero   RW           21    .bss.T_led_gray_ID  main.o
    0x20000120        -       0x00000004   Zero   RW           20    .bss.T_led_par_impar_ID  main.o
    0x20000124        -       0x00000004   Zero   RW           22    .bss.T_led_pot_ID   main.o
    0x20000128        -       0x00000004   Zero   RW           26    .bss.T_leitura_cont_ID  main.o
    0x2000012c        -       0x00000004   Zero   RW           25    .bss.T_leitura_func_ID  main.o
    0x20000130        -       0x00000004   Zero   RW           27    .bss.T_smooth_Time_ID  main.o
    0x20000134        -       0x00000004   Zero   RW           71    .bss.m_tmr          rtx_conf_cm.o
    0x20000138        -       0x00000fb0   Zero   RW           78    .bss.mp_stk         rtx_conf_cm.o
    0x200010e8        -       0x00000450   Zero   RW           77    .bss.mp_tcb         rtx_conf_cm.o
    0x20001538        -       0x00000004   Zero   RW           74    .bss.nr_mutex       rtx_conf_cm.o
    0x2000153c        -       0x00000004   Zero   RW           83    .bss.osMessageQId_osTimerMessageQ  rtx_conf_cm.o
    0x20001540        -       0x00000004   Zero   RW           82    .bss.osThreadId_osTimerThread  rtx_conf_cm.o
    0x20001544        -       0x00000054   Zero   RW           81    .bss.os_active_TCB  rtx_conf_cm.o
    0x20001598        -       0x00000084   Zero   RW           80    .bss.os_fifo        rtx_conf_cm.o
    0x2000161c        -       0x00000020   Zero   RW           68    .bss.os_messageQ_q_osTimerMessageQ  rtx_conf_cm.o
    0x2000163c   0x08003b18   0x00000004   PAD
    0x20001640        -       0x000001b0   Zero   RW           79    .bss.os_stack_mem   rtx_conf_cm.o
    0x200017f0        -       0x00000080   Zero   RW           75    .bss.std_libmutex   rtx_conf_cm.o
    0x20001870        -       0x000007e0   Zero   RW           73    .bss.std_libspace   rtx_conf_cm.o
    0x20002050        -       0x00000200   Zero   RW          101    HEAP                startup_stm32f10x_md.o
    0x20002250        -       0x00000400   Zero   RW          100    STACK               startup_stm32f10x_md.o


==============================================================================

Image component sizes


      Code (inc. data)   RO Data    RW Data    ZI Data      Debug   Object Name

      6536        178        153         28         37      13500   main.o
       270          0         84          0       7960       5329   rtx_conf_cm.o
        64         26        236          0       1536        844   startup_stm32f10x_md.o
       362          0         16          4          0       2747   system_stm32f10x.o

    ----------------------------------------------------------------------
      7240        204        526         32       9540      22420   Object Totals
         0          0         32          0          0          0   (incl. Generated)
         8          0          5          0          7          0   (incl. Padding)

    ----------------------------------------------------------------------

      Code (inc. data)   RO Data    RW Data    ZI Data      Debug   Library Member Name

       238         24          0          1          0       3244   hal_cm.o
       304         36          0          0          0        756   hal_cm3.o
      1378        160          0          8          0      38670   rt_cmsis.o
       272         18          0          0          0       2606   rt_event.o
       530         34          0          0         48       8157   rt_list.o
       554         10          0          0          0       3889   rt_mailbox.o
       140          0          0          0          0       1889   rt_membox.o
       128          0          0          0          0       2267   rt_memory.o
       352         14          0          0          0       2073   rt_mutex.o
        96         22          0          8          0       1134   rt_robin.o
        52          4          0          0          0        565   rt_semaphore.o
       298         52          0          8          0       6139   rt_system.o
      1216        174          0          8         52       9537   rt_task.o
         6          0          0          4          0        636   rt_time.o
         4          4          0          0          0        196   svc_table.o
         8          0          0          0          0         68   __main.o
         0          0          0          0          0          0   __rtentry.o
        20          0          0          0          0          0   __rtentry2.o
         6          0          0          0          0          0   __rtentry4.o
        94          8          0          0          0          0   __scatter.o
        26          0          0          0          0          0   __scatter_copy.o
        28          0          0          0          0          0   __scatter_zi.o
        18          0          0          0          0         80   exit.o
         6          0          0          0          0        152   heapauxi.o
         0          0          0          0          0          0   indicate_semi.o
         2          0          0          0          0          0   libinit.o
         2          0          0          0          0          0   libinit2.o
         2          0          0          0          0          0   libshutdown.o
         2          0          0          0          0          0   libshutdown2.o
         8          4          0          0         96         68   libspace.o
         2          0          0          0          0          0   rtexit.o
        10          0          0          0          0          0   rtexit2.o
        12          4          0          0          0         68   sys_exit.o
        74          0          0          0          0         80   sys_stackheap_outer.o
         2          0          0          0          0         68   use_no_semi.o
       430          8          0          0          0        168   faddsub_clz.o
        84          0          0          0          0        196   fcmp.o
        24          0          0          0          0         68   fcmpi.o
       104          4          0          0          0         84   feqf.o
        62          4          0          0          0         84   ffixu.o
        38          0          0          0          0         68   fflt_clz.o
       104          4          0          0          0         84   fgeqf.o
       104          4          0          0          0         84   fleqf.o
       258          4          0          0          0         84   fmul.o
       140          4          0          0          0         84   fnaninf.o
        10          0          0          0          0         68   fretinf.o
         0          0          0          0          0          0   usenofp.o

    ----------------------------------------------------------------------
      7286        600          0         40        196      83414   Library Totals
        38          0          0          3          0          0   (incl. Padding)

    ----------------------------------------------------------------------

      Code (inc. data)   RO Data    RW Data    ZI Data      Debug   Library Name

      5568        552          0         37        100      81758   RTX_CM3.lib
       322         16          0          0         96        584   c_w.l
      1358         32          0          0          0       1072   fz_ws.l

    ----------------------------------------------------------------------
      7286        600          0         40        196      83414   Library Totals

    ----------------------------------------------------------------------

==============================================================================


      Code (inc. data)   RO Data    RW Data    ZI Data      Debug   

     14526        804        526         72       9736     100918   Grand Totals
     14526        804        526         72       9736     100918   ELF Image Totals
     14526        804        526         72          0          0   ROM Totals

==============================================================================

    Total RO  Size (Code + RO Data)                15052 (  14.70kB)
    Total RW  Size (RW Data + ZI Data)              9808 (   9.58kB)
    Total ROM Size (Code + RO Data + RW Data)      15124 (  14.77kB)

==============================================================================

